Archive member included to satisfy reference by file (symbol)

C:/ST/STM32CubeIDE_1.19.0/STM32CubeIDE/plugins/com.st.stm32cube.ide.mcu.externaltools.gnu-tools-for-stm32.13.3.rel1.win32_1.0.0.202411081344/tools/bin/../lib/gcc/arm-none-eabi/13.3.1/../../../../arm-none-eabi/lib/thumb/v7e-m+fp/hard\libc_nano.a(libc_a-exit.o)
                              C:/ST/STM32CubeIDE_1.19.0/STM32CubeIDE/plugins/com.st.stm32cube.ide.mcu.externaltools.gnu-tools-for-stm32.13.3.rel1.win32_1.0.0.202411081344/tools/bin/../lib/gcc/arm-none-eabi/13.3.1/../../../../arm-none-eabi/lib/thumb/v7e-m+fp/hard/crt0.o (exit)
C:/ST/STM32CubeIDE_1.19.0/STM32CubeIDE/plugins/com.st.stm32cube.ide.mcu.externaltools.gnu-tools-for-stm32.13.3.rel1.win32_1.0.0.202411081344/tools/bin/../lib/gcc/arm-none-eabi/13.3.1/../../../../arm-none-eabi/lib/thumb/v7e-m+fp/hard\libc_nano.a(libc_a-nano-vfprintf_float.o)
                              (_printf_float)
C:/ST/STM32CubeIDE_1.19.0/STM32CubeIDE/plugins/com.st.stm32cube.ide.mcu.externaltools.gnu-tools-for-stm32.13.3.rel1.win32_1.0.0.202411081344/tools/bin/../lib/gcc/arm-none-eabi/13.3.1/../../../../arm-none-eabi/lib/thumb/v7e-m+fp/hard\libc_nano.a(libc_a-nano-vfprintf_i.o)
                              C:/ST/STM32CubeIDE_1.19.0/STM32CubeIDE/plugins/com.st.stm32cube.ide.mcu.externaltools.gnu-tools-for-stm32.13.3.rel1.win32_1.0.0.202411081344/tools/bin/../lib/gcc/arm-none-eabi/13.3.1/../../../../arm-none-eabi/lib/thumb/v7e-m+fp/hard\libc_nano.a(libc_a-nano-vfprintf_float.o) (_printf_common)
C:/ST/STM32CubeIDE_1.19.0/STM32CubeIDE/plugins/com.st.stm32cube.ide.mcu.externaltools.gnu-tools-for-stm32.13.3.rel1.win32_1.0.0.202411081344/tools/bin/../lib/gcc/arm-none-eabi/13.3.1/../../../../arm-none-eabi/lib/thumb/v7e-m+fp/hard\libc_nano.a(libc_a-nano-vfscanf_float.o)
                              (_scanf_float)
C:/ST/STM32CubeIDE_1.19.0/STM32CubeIDE/plugins/com.st.stm32cube.ide.mcu.externaltools.gnu-tools-for-stm32.13.3.rel1.win32_1.0.0.202411081344/tools/bin/../lib/gcc/arm-none-eabi/13.3.1/../../../../arm-none-eabi/lib/thumb/v7e-m+fp/hard\libc_nano.a(libc_a-findfp.o)
                              ./Middlewares/Third_Party/FreeRTOS/Source/tasks.o (__sf)
C:/ST/STM32CubeIDE_1.19.0/STM32CubeIDE/plugins/com.st.stm32cube.ide.mcu.externaltools.gnu-tools-for-stm32.13.3.rel1.win32_1.0.0.202411081344/tools/bin/../lib/gcc/arm-none-eabi/13.3.1/../../../../arm-none-eabi/lib/thumb/v7e-m+fp/hard\libc_nano.a(libc_a-fwalk.o)
                              C:/ST/STM32CubeIDE_1.19.0/STM32CubeIDE/plugins/com.st.stm32cube.ide.mcu.externaltools.gnu-tools-for-stm32.13.3.rel1.win32_1.0.0.202411081344/tools/bin/../lib/gcc/arm-none-eabi/13.3.1/../../../../arm-none-eabi/lib/thumb/v7e-m+fp/hard\libc_nano.a(libc_a-findfp.o) (_fwalk_sglue)
C:/ST/STM32CubeIDE_1.19.0/STM32CubeIDE/plugins/com.st.stm32cube.ide.mcu.externaltools.gnu-tools-for-stm32.13.3.rel1.win32_1.0.0.202411081344/tools/bin/../lib/gcc/arm-none-eabi/13.3.1/../../../../arm-none-eabi/lib/thumb/v7e-m+fp/hard\libc_nano.a(libc_a-printf.o)
                              ./Core/Src/imu.o (printf)
C:/ST/STM32CubeIDE_1.19.0/STM32CubeIDE/plugins/com.st.stm32cube.ide.mcu.externaltools.gnu-tools-for-stm32.13.3.rel1.win32_1.0.0.202411081344/tools/bin/../lib/gcc/arm-none-eabi/13.3.1/../../../../arm-none-eabi/lib/thumb/v7e-m+fp/hard\libc_nano.a(libc_a-puts.o)
                              ./Core/Src/imu.o (puts)
C:/ST/STM32CubeIDE_1.19.0/STM32CubeIDE/plugins/com.st.stm32cube.ide.mcu.externaltools.gnu-tools-for-stm32.13.3.rel1.win32_1.0.0.202411081344/tools/bin/../lib/gcc/arm-none-eabi/13.3.1/../../../../arm-none-eabi/lib/thumb/v7e-m+fp/hard\libc_nano.a(libc_a-snprintf.o)
                              ./Core/Src/main.o (snprintf)
C:/ST/STM32CubeIDE_1.19.0/STM32CubeIDE/plugins/com.st.stm32cube.ide.mcu.externaltools.gnu-tools-for-stm32.13.3.rel1.win32_1.0.0.202411081344/tools/bin/../lib/gcc/arm-none-eabi/13.3.1/../../../../arm-none-eabi/lib/thumb/v7e-m+fp/hard\libc_nano.a(libc_a-sprintf.o)
                              C:/ST/STM32CubeIDE_1.19.0/STM32CubeIDE/plugins/com.st.stm32cube.ide.mcu.externaltools.gnu-tools-for-stm32.13.3.rel1.win32_1.0.0.202411081344/tools/bin/../lib/gcc/arm-none-eabi/13.3.1/../../../../arm-none-eabi/lib/thumb/v7e-m+fp/hard\libc_nano.a(libc_a-nano-vfscanf_float.o) (sprintf)
C:/ST/STM32CubeIDE_1.19.0/STM32CubeIDE/plugins/com.st.stm32cube.ide.mcu.externaltools.gnu-tools-for-stm32.13.3.rel1.win32_1.0.0.202411081344/tools/bin/../lib/gcc/arm-none-eabi/13.3.1/../../../../arm-none-eabi/lib/thumb/v7e-m+fp/hard\libc_nano.a(libc_a-sscanf.o)
                              ./Core/Src/uart.o (sscanf)
C:/ST/STM32CubeIDE_1.19.0/STM32CubeIDE/plugins/com.st.stm32cube.ide.mcu.externaltools.gnu-tools-for-stm32.13.3.rel1.win32_1.0.0.202411081344/tools/bin/../lib/gcc/arm-none-eabi/13.3.1/../../../../arm-none-eabi/lib/thumb/v7e-m+fp/hard\libc_nano.a(libc_a-stdio.o)
[...]
Memory Configuration

Name             Origin             Length             Attributes
RAM              0x20000000         0x00020000         xrw
FLASH            0x08000000         0x00080000         xr
*default*        0x00000000         0xffffffff

Linker script and memory map

LOAD C:/ST/STM32CubeIDE_1.19.0/STM32CubeIDE/plugins/com.st.stm32cube.ide.mcu.externaltools.gnu-tools-for-stm32.13.3.rel1.win32_1.0.0.202411081344/tools/bin/../lib/gcc/arm-none-eabi/13.3.1/thumb/v7e-m+fp/hard/crti.o
LOAD C:/ST/STM32CubeIDE_1.19.0/STM32CubeIDE/plugins/com.st.stm32cube.ide.mcu.externaltools.gnu-tools-for-stm32.13.3.rel1.win32_1.0.0.202411081344/tools/bin/../lib/gcc/arm-none-eabi/13.3.1/thumb/v7e-m+fp/hard/crtbegin.o
LOAD C:/ST/STM32CubeIDE_1.19.0/STM32CubeIDE/plugins/com.st.stm32cube.ide.mcu.externaltools.gnu-tools-for-stm32.13.3.rel1.win32_1.0.0.202411081344/tools/bin/../lib/gcc/arm-none-eabi/13.3.1/../../../../arm-none-eabi/lib/thumb/v7e-m+fp/hard/crt0.o
LOAD ./Core/Src/battery_status.o
LOAD ./Core/Src/encoder.o
LOAD ./Core/Src/freertos.o
LOAD ./Core/Src/imu.o
LOAD ./Core/Src/ir_array.o
LOAD ./Core/Src/lcd.o
LOAD ./Core/Src/main.o
LOAD ./Core/Src/motor_control.o
LOAD ./Core/Src/stm32f4xx_hal_msp.o
LOAD ./Core/Src/stm32f4xx_hal_timebase_tim.o
LOAD ./Core/Src/stm32f4xx_it.o
LOAD ./Core/Src/syscalls.o
LOAD ./Core/Src/sysmem.o
LOAD ./Core/Src/system_stm32f4xx.o
LOAD ./Core/Src/uart.o
LOAD ./Core/Src/ultrasonic.o
LOAD ./Core/Startup/startup_stm32f446zetx.o
LOAD ./Drivers/STM32F4xx_HAL_Driver/Src/stm32f4xx_hal.o
LOAD ./Drivers/STM32F4xx_HAL_Driver/Src/stm32f4xx_hal_adc.o
LOAD ./Drivers/STM32F4xx_HAL_Driver/Src/stm32f4xx_hal_adc_ex.o
LOAD ./Drivers/STM32F4xx_HAL_Driver/Src/stm32f4xx_hal_cortex.o
LOAD ./Drivers/STM32F4xx_HAL_Driver/Src/stm32f4xx_hal_dma.o
LOAD ./Drivers/STM32F4xx_HAL_Driver/Src/stm32f4xx_hal_dma_ex.o
LOAD ./Drivers/STM32F4xx_HAL_Driver/Src/stm32f4xx_hal_exti.o
LOAD ./Drivers/STM32F4xx_HAL_Driver/Src/stm32f4xx_hal_flash.o
LOAD ./Drivers/STM32F4xx_HAL_Driver/Src/stm32f4xx_hal_flash_ex.o
LOAD ./Drivers/STM32F4xx_HAL_Driver/Src/stm32f4xx_hal_flash_ramfunc.o
LOAD ./Drivers/STM32F4xx_HAL_Driver/Src/stm32f4xx_hal_gpio.o
LOAD ./Drivers/STM32F4xx_HAL_Driver/Src/stm32f4xx_hal_i2c.o
LOAD ./Drivers/STM32F4xx_HAL_Driver/Src/stm32f4xx_hal_i2c_ex.o
LOAD ./Drivers/STM32F4xx_HAL_Driver/Src/stm32f4xx_hal_pcd.o
LOAD ./Drivers/STM32F4xx_HAL_Driver/Src/stm32f4xx_hal_pcd_ex.o
LOAD ./Drivers/STM32F4xx_HAL_Driver/Src/stm32f4xx_hal_pwr.o
LOAD ./Drivers/STM32F4xx_HAL_Driver/Src/stm32f4xx_hal_pwr_ex.o
LOAD ./Drivers/STM32F4xx_HAL_Driver/Src/stm32f4xx_hal_rcc.o
LOAD ./Drivers/STM32F4xx_HAL_Driver/Src/stm32f4xx_hal_rcc_ex.o
LOAD ./Drivers/STM32F4xx_HAL_Driver/Src/stm32f4xx_hal_tim.o
LOAD ./Drivers/STM32F4xx_HAL_Driver/Src/stm32f4xx_hal_tim_ex.o
LOAD ./Drivers/STM32F4xx_HAL_Driver/Src/stm32f4xx_hal_uart.o
LOAD ./Drivers/STM32F4xx_HAL_Driver/Src/stm32f4xx_ll_adc.o
LOAD ./Drivers/STM32F4xx_HAL_Driver/Src/stm32f4xx_ll_usb.o
LOAD ./Middlewares/Third_Party/FreeRTOS/Source/CMSIS_RTOS_V2/cmsis_os2.o
LOAD ./Middlewares/Third_Party/FreeRTOS/Source/croutine.o
LOAD ./Middlewares/Third_Party/FreeRTOS/Source/event_groups.o
LOAD ./Middlewares/Third_Party/FreeRTOS/Source/list.o
LOAD ./Middlewares/Third_Party/FreeRTOS/Source/queue.o
LOAD ./Middlewares/Third_Party/FreeRTOS/Source/stream_buffer.o
LOAD ./Middlewares/Third_Party/FreeRTOS/Source/tasks.o
LOAD ./Middlewares/Third_Party/FreeRTOS/Source/timers.o
LOAD ./Middlewares/Third_Party/FreeRTOS/Source/portable/GCC/ARM_CM4F/port.o
LOAD ./Middlewares/Third_Party/FreeRTOS/Source/portable/MemMang/heap_4.o
START GROUP
LOAD C:/ST/STM32CubeIDE_1.19.0/STM32CubeIDE/plugins/com.st.stm32cube.ide.mcu.externaltools.gnu-tools-for-stm32.13.3.rel1.win32_1.0.0.202411081344/tools/bin/../lib/gcc/arm-none-eabi/13.3.1/../../../../arm-none-eabi/lib/thumb/v7e-m+fp/hard\libc_nano.a
LOAD C:/ST/STM32CubeIDE_1.19.0/STM32CubeIDE/plugins/com.st.stm32cube.ide.mcu.externaltools.gnu-tools-for-stm32.13.3.rel1.win32_1.0.0.202411081344/tools/bin/../lib/gcc/arm-none-eabi/13.3.1/../../../../arm-none-eabi/lib/thumb/v7e-m+fp/hard\libm.a
END GROUP
START GROUP
LOAD C:/ST/STM32CubeIDE_1.19.0/STM32CubeIDE/plugins/com.st.stm32cube.ide.mcu.externaltools.gnu-tools-for-stm32.13.3.rel1.win32_1.0.0.202411081344/tools/bin/../lib/gcc/arm-none-eabi/13.3.1/thumb/v7e-m+fp/hard\libgcc.a
LOAD C:/ST/STM32CubeIDE_1.19.0/STM32CubeIDE/plugins/com.st.stm32cube.ide.mcu.externaltools.gnu-tools-for-stm32.13.3.rel1.win32_1.0.0.202411081344/tools/bin/../lib/gcc/arm-none-eabi/13.3.1/../../../../arm-none-eabi/lib/thumb/v7e-m+fp/hard\libc_nano.a
END GROUP
START GROUP
LOAD C:/ST/STM32CubeIDE_1.19.0/STM32CubeIDE/plugins/com.st.stm32cube.ide.mcu.externaltools.gnu-tools-for-stm32.13.3.rel1.win32_1.0.0.202411081344/tools/bin/../lib/gcc/arm-none-eabi/13.3.1/thumb/v7e-m+fp/hard\libgcc.a
LOAD C:/ST/STM32CubeIDE_1.19.0/STM32CubeIDE/plugins/com.st.stm32cube.ide.mcu.externaltools.gnu-tools-for-stm32.13.3.rel1.win32_1.0.0.202411081344/tools/bin/../lib/gcc/arm-none-eabi/13.3.1/../../../../arm-none-eabi/lib/thumb/v7e-m+fp/hard\libc_nano.a
LOAD C:/ST/STM32CubeIDE_1.19.0/STM32CubeIDE/plugins/com.st.stm32cube.ide.mcu.externaltools.gnu-tools-for-stm32.13.3.rel1.win32_1.0.0.202411081344/tools/bin/../lib/gcc/arm-none-eabi/13.3.1/../../../../arm-none-eabi/lib/thumb/v7e-m+fp/hard\libnosys.a
END GROUP
START GROUP
LOAD C:/ST/STM32CubeIDE_1.19.0/STM32CubeIDE/plugins/com.st.stm32cube.ide.mcu.externaltools.gnu-tools-for-stm32.13.3.rel1.win32_1.0.0.202411081344/tools/bin/../lib/gcc/arm-none-eabi/13.3.1/thumb/v7e-m+fp/hard\libgcc.a
LOAD C:/ST/STM32CubeIDE_1.19.0/STM32CubeIDE/plugins/com.st.stm32cube.ide.mcu.externaltools.gnu-tools-for-stm32.13.3.rel1.win32_1.0.0.202411081344/tools/bin/../lib/gcc/arm-none-eabi/13.3.1/../../../../arm-none-eabi/lib/thumb/v7e-m+fp/hard\libc_nano.a
LOAD C:/ST/STM32CubeIDE_1.19.0/STM32CubeIDE/plugins/com.st.stm32cube.ide.mcu.externaltools.gnu-tools-for-stm32.13.3.rel1.win32_1.0.0.202411081344/tools/bin/../lib/gcc/arm-none-eabi/13.3.1/../../../../arm-none-eabi/lib/thumb/v7e-m+fp/hard\libnosys.a
END GROUP
LOAD C:/ST/STM32CubeIDE_1.19.0/STM32CubeIDE/plugins/com.st.stm32cube.ide.mcu.externaltools.gnu-tools-for-stm32.13.3.rel1.win32_1.0.0.202411081344/tools/bin/../lib/gcc/arm-none-eabi/13.3.1/thumb/v7e-m+fp/hard/crtend.o
LOAD C:/ST/STM32CubeIDE_1.19.0/STM32CubeIDE/plugins/com.st.stm32cube.ide.mcu.externaltools.gnu-tools-for-stm32.13.3.rel1.win32_1.0.0.202411081344/tools/bin/../lib/gcc/arm-none-eabi/13.3.1/thumb/v7e-m+fp/hard/crtn.o
                0x20020000                        _estack = (ORIGIN (RAM) + LENGTH (RAM))
                0x00000200                        _Min_Heap_Size = 0x200
                0x00000400                        _Min_Stack_Size = 0x400

.isr_vector     0x08000000      0x1c4
                0x08000000                        . = ALIGN (0x4)
 *(.isr_vector)
 .isr_vector    0x08000000      0x1c4 ./Core/Startup/startup_stm32f446zetx.o
                0x08000000                g_pfnVectors
                0x080001c4                        . = ALIGN (0x4)

.text           0x080001d0    0x16760
                0x080001d0                        . = ALIGN (0x4)
 *(.text)
 .text          0x080001d0       0x40 C:/ST/STM32CubeIDE_1.19.0/STM32CubeIDE/plugins/com.st.stm32cube.ide.mcu.externaltools.gnu-tools-for-stm32.13.3.rel1.win32_1.0.0.202411081344/tools/bin/../lib/gcc/arm-none-eabi/13.3.1/thumb/v7e-m+fp/hard/crtbegin.o
 .text          0x08000210       0x14 C:/ST/STM32CubeIDE_1.19.0/STM32CubeIDE/plugins/com.st.stm32cube.ide.mcu.externaltools.gnu-tools-for-stm32.13.3.rel1.win32_1.0.0.202411081344/tools/bin/../lib/gcc/arm-none-eabi/13.3.1/../../../../arm-none-eabi/lib/thumb/v7e-m+fp/hard\libc_nano.a(libc_a-strcmp.o)
                0x08000210                strcmp
 *fill*         0x08000224        0xc 
 .text          0x08000230       0xa0 C:/ST/STM32CubeIDE_1.19.0/STM32CubeIDE/plugins/com.st.stm32cube.ide.mcu.externaltools.gnu-tools-for-stm32.13.3.rel1.win32_1.0.0.202411081344/tools/bin/../lib/gcc/arm-none-eabi/13.3.1/../../../../arm-none-eabi/lib/thumb/v7e-m+fp/hard\libc_nano.a(libc_a-memchr.o)
                0x08000230                memchr
 .text          0x080002d0       0x10 C:/ST/STM32CubeIDE_1.19.0/STM32CubeIDE/plugins/com.st.stm32cube.ide.mcu.externaltools.gnu-tools-for-stm32.13.3.rel1.win32_1.0.0.202411081344/tools/bin/../lib/gcc/arm-none-eabi/13.3.1/../../../../arm-none-eabi/lib/thumb/v7e-m+fp/hard\libc_nano.a(libc_a-strlen.o)
                0x080002d0                strlen
 .text          0x080002e0      0x378 C:/ST/STM32CubeIDE_1.19.0/STM32CubeIDE/plugins/com.st.stm32cube.ide.mcu.externaltools.gnu-tools-for-stm32.13.3.rel1.win32_1.0.0.202411081344/tools/bin/../lib/gcc/arm-none-eabi/13.3.1/thumb/v7e-m+fp/hard\libgcc.a(_arm_addsubdf3.o)
                0x080002e0                __aeabi_drsub
                0x080002e8                __aeabi_dsub
                0x080002e8                __subdf3
                0x080002ec                __aeabi_dadd
                0x080002ec                __adddf3
                0x08000564                __floatunsidf
                0x08000564                __aeabi_ui2d
                0x08000584                __floatsidf
                0x08000584                __aeabi_i2d
                0x080005a8                __aeabi_f2d
                0x080005a8                __extendsfdf2
                0x080005ec                __floatundidf
                0x080005ec                __aeabi_ul2d
                0x080005fc                __floatdidf
                0x080005fc                __aeabi_l2d
 .text          0x08000658      0x424 C:/ST/STM32CubeIDE_1.19.0/STM32CubeIDE/plugins/com.st.stm32cube.ide.mcu.externaltools.gnu-tools-for-stm32.13.3.rel1.win32_1.0.0.202411081344/tools/bin/../lib/gcc/arm-none-eabi/13.3.1/thumb/v7e-m+fp/hard\libgcc.a(_arm_muldivdf3.o)
                0x08000658                __aeabi_dmul
                0x08000658                __muldf3
                0x080008ac                __divdf3
                0x080008ac                __aeabi_ddiv
 .text          0x08000a7c      0x110 C:/ST/STM32CubeIDE_1.19.0/STM32CubeIDE/plugins/com.st.stm32cube.ide.mcu.externaltools.gnu-tools-for-stm32.13.3.rel1.win32_1.0.0.202411081344/tools/bin/../lib/gcc/arm-none-eabi/13.3.1/thumb/v7e-m+fp/hard\libgcc.a(_arm_cmpdf2.o)
                0x08000a7c                __gtdf2
                0x08000a7c                __gedf2
                0x08000a84                __ltdf2
                0x08000a84                __ledf2
                0x08000a8c                __nedf2
                0x08000a8c                __eqdf2
                0x08000a8c                __cmpdf2
                0x08000b08                __aeabi_cdrcmple
                0x08000b18                __aeabi_cdcmpeq
                0x08000b18                __aeabi_cdcmple
                0x08000b28                __aeabi_dcmpeq
                0x08000b3c                __aeabi_dcmplt
                0x08000b50                __aeabi_dcmple
                0x08000b64                __aeabi_dcmpge
                0x08000b78                __aeabi_dcmpgt
 .text          0x08000b8c       0x2c C:/ST/STM32CubeIDE_1.19.0/STM32CubeIDE/plugins/com.st.stm32cube.ide.mcu.externaltools.gnu-tools-for-stm32.13.3.rel1.win32_1.0.0.202411081344/tools/bin/../lib/gcc/arm-none-eabi/13.3.1/thumb/v7e-m+fp/hard\libgcc.a(_arm_unorddf2.o)
                0x08000b8c                __unorddf2
                0x08000b8c                __aeabi_dcmpun
 .text          0x08000bb8       0x50 C:/ST/STM32CubeIDE_1.19.0/STM32CubeIDE/plugins/com.st.stm32cube.ide.mcu.externaltools.gnu-tools-for-stm32.13.3.rel1.win32_1.0.0.202411081344/tools/bin/../lib/gcc/arm-none-eabi/13.3.1/thumb/v7e-m+fp/hard\libgcc.a(_arm_fixdfsi.o)
                0x08000bb8                __aeabi_d2iz
                0x08000bb8                __fixdfsi
 .text          0x08000c08       0x40 C:/ST/STM32CubeIDE_1.19.0/STM32CubeIDE/plugins/com.st.stm32cube.ide.mcu.externaltools.gnu-tools-for-stm32.13.3.rel1.win32_1.0.0.202411081344/tools/bin/../lib/gcc/arm-none-eabi/13.3.1/thumb/v7e-m+fp/hard\libgcc.a(_arm_fixunsdfsi.o)
                0x08000c08                __aeabi_d2uiz
                0x08000c08                __fixunsdfsi
 .text          0x08000c48       0xa0 C:/ST/STM32CubeIDE_1.19.0/STM32CubeIDE/plugins/com.st.stm32cube.ide.mcu.externaltools.gnu-tools-for-stm32.13.3.rel1.win32_1.0.0.202411081344/tools/bin/../lib/gcc/arm-none-eabi/13.3.1/thumb/v7e-m+fp/hard\libgcc.a(_arm_truncdfsf2.o)
                0x08000c48                __truncdfsf2
                0x08000c48                __aeabi_d2f
 .text          0x08000ce8       0x30 C:/ST/STM32CubeIDE_1.19.0/STM32CubeIDE/plugins/com.st.stm32cube.ide.mcu.externaltools.gnu-tools-for-stm32.13.3.rel1.win32_1.0.0.202411081344/tools/bin/../lib/gcc/arm-none-eabi/13.3.1/thumb/v7e-m+fp/hard\libgcc.a(_aeabi_uldivmod.o)
                0x08000ce8                __aeabi_uldivmod
 .text          0x08000d18       0x30 C:/ST/STM32CubeIDE_1.19.0/STM32CubeIDE/plugins/com.st.stm32cube.ide.mcu.externaltools.gnu-tools-for-stm32.13.3.rel1.win32_1.0.0.202411081344/tools/bin/../lib/gcc/arm-none-eabi/13.3.1/thumb/v7e-m+fp/hard\libgcc.a(_fixdfdi.o)
                0x08000d18                __fixdfdi
                0x08000d18                __aeabi_d2lz
 .text          0x08000d48       0x3c C:/ST/STM32CubeIDE_1.19.0/STM32CubeIDE/plugins/com.st.stm32cube.ide.mcu.externaltools.gnu-tools-for-stm32.13.3.rel1.win32_1.0.0.202411081344/tools/bin/../lib/gcc/arm-none-eabi/13.3.1/thumb/v7e-m+fp/hard\libgcc.a(_fixunsdfdi.o)
                0x08000d48                __fixunsdfdi
                0x08000d48                __aeabi_d2ulz
 .text          0x08000d84      0x2f8 C:/ST/STM32CubeIDE_1.19.0/STM32CubeIDE/plugins/com.st.stm32cube.ide.mcu.externaltools.gnu-tools-for-stm32.13.3.rel1.win32_1.0.0.202411081344/tools/bin/../lib/gcc/arm-none-eabi/13.3.1/thumb/v7e-m+fp/hard\libgcc.a(_udivmoddi4.o)
                0x08000d84                __udivmoddi4
 .text          0x0800107c        0x4 C:/ST/STM32CubeIDE_1.19.0/STM32CubeIDE/plugins/com.st.stm32cube.ide.mcu.externaltools.gnu-tools-for-stm32.13.3.rel1.win32_1.0.0.202411081344/tools/bin/../lib/gcc/arm-none-eabi/13.3.1/thumb/v7e-m+fp/hard\libgcc.a(_dvmd_tls.o)
                0x0800107c                __aeabi_idiv0
                0x0800107c                __aeabi_ldiv0
 *(.text*)
 .text.Start_Battery_ADC_Read
                0x08001080       0x2c ./Core/Src/battery_status.o
                0x08001080                Start_Battery_ADC_Read
 .text.BatteryMonitor_Init
                0x080010ac       0x18 ./Core/Src/battery_status.o
                0x080010ac                BatteryMonitor_Init
 .text.BatteryMonitor_Get
                0x080010c4       0x38 ./Core/Src/battery_status.o
                0x080010c4                BatteryMonitor_Get
 .text.HAL_ADC_ConvCpltCallback
                0x080010fc       0x44 ./Core/Src/battery_status.o
                0x080010fc                HAL_ADC_ConvCpltCallback
 .text.Battery_Process
                0x08001140      0x160 ./Core/Src/battery_status.o
                0x08001140                Battery_Process
 .text.encoder_init
                0x080012a0       0x70 ./Core/Src/encoder.o
                0x080012a0                encoder_init
 .text.encoder_tim_update_callback
                0x08001310       0xd0 ./Core/Src/encoder.o
                0x08001310                encoder_tim_update_callback
 .text.encoder_get_left_position
                0x080013e0       0x48 ./Core/Src/encoder.o
                0x080013e0                encoder_get_left_position
 .text.encoder_get_right_position
                0x08001428       0x48 ./Core/Src/encoder.o
                0x08001428                encoder_get_right_position
 .text.encoder_get_left_degree
                0x08001470       0x4c ./Core/Src/encoder.o
                0x08001470                encoder_get_left_degree
 .text.encoder_get_right_degree
                0x080014bc       0x4c ./Core/Src/encoder.o
                0x080014bc                encoder_get_right_degree
 .text.mpu9250_init
                0x08001508      0x1e0 ./Core/Src/imu.o
                0x08001508                mpu9250_init
 .text.mpu9250_parse_accel_gyro
                0x080016e8      0x1d4 ./Core/Src/imu.o
                0x080016e8                mpu9250_parse_accel_gyro
 .text.mpu9250_read_mag
                0x080018bc       0xc0 ./Core/Src/imu.o
                0x080018bc                mpu9250_read_mag
 .text.IR_Array_Read
                0x0800197c       0x54 ./Core/Src/ir_array.o
                0x0800197c                IR_Array_Read
 .text.IR_PrintPatternBinary
                0x080019d0       0x5c ./Core/Src/ir_array.o
                0x080019d0                IR_PrintPatternBinary
 .text.IR_Array_GetPattern
                0x08001a2c       0x50 ./Core/Src/ir_array.o
                0x08001a2c                IR_Array_GetPattern
 .text.IR_PatternMonitor
                0x08001a7c       0xa4 ./Core/Src/ir_array.o
                0x08001a7c                IR_PatternMonitor
 .text.lcd_write_nibble
                0x08001b20       0x7c ./Core/Src/lcd.o
 .text.lcd_send
                0x08001b9c       0x62 ./Core/Src/lcd.o
 *fill*         0x08001bfe        0x2 
 .text.lcd_init
                0x08001c00       0x80 ./Core/Src/lcd.o
                0x08001c00                lcd_init
 .text.lcd_clear
                0x08001c80       0x16 ./Core/Src/lcd.o
                0x08001c80                lcd_clear
 .text.lcd_set_cursor
                0x08001c96       0x38 ./Core/Src/lcd.o
                0x08001c96                lcd_set_cursor
 .text.lcd_print
                0x08001cce       0x2e ./Core/Src/lcd.o
                0x08001cce                lcd_print
 .text.main     0x08001cfc      0x238 ./Core/Src/main.o
                0x08001cfc                main
 .text.SystemClock_Config
                0x08001f34       0xd8 ./Core/Src/main.o
                0x08001f34                SystemClock_Config
 .text.MX_ADC1_Init
                0x0800200c       0xa4 ./Core/Src/main.o
 .text.MX_I2C1_Init
                0x080020b0       0x5c ./Core/Src/main.o
 .text.MX_TIM1_Init
                0x0800210c      0x188 ./Core/Src/main.o
 .text.MX_TIM2_Init
                0x08002294      0x160 ./Core/Src/main.o
 .text.MX_TIM3_Init
                0x080023f4      0x134 ./Core/Src/main.o
 .text.MX_TIM4_Init
                0x08002528       0xa8 ./Core/Src/main.o
 .text.MX_TIM5_Init
                0x080025d0       0xa8 ./Core/Src/main.o
 .text.MX_TIM6_Init
                0x08002678       0x6c ./Core/Src/main.o
 .text.MX_TIM7_Init
                0x080026e4       0x6c ./Core/Src/main.o
 .text.MX_USART1_UART_Init
                0x08002750       0x54 ./Core/Src/main.o
 .text.MX_USART2_UART_Init
                0x080027a4       0x54 ./Core/Src/main.o
 .text.MX_USART3_UART_Init
                0x080027f8       0x54 ./Core/Src/main.o
 .text.MX_USB_OTG_FS_PCD_Init
                0x0800284c       0x5c ./Core/Src/main.o
 .text.MX_DMA_Init
                0x080028a8       0x6c ./Core/Src/main.o
 .text.MX_GPIO_Init
                0x08002914      0x1ec ./Core/Src/main.o
 .text._write   0x08002b00       0x2c ./Core/Src/main.o
                0x08002b00                _write
 .text.HAL_UART_TxCpltCallback
                0x08002b2c       0x48 ./Core/Src/main.o
                0x08002b2c                HAL_UART_TxCpltCallback
 .text.HAL_UART_RxCpltCallback
                0x08002b74       0xac ./Core/Src/main.o
                0x08002b74                HAL_UART_RxCpltCallback
 .text.LCD_UpdateBattery
                0x08002c20       0x48 ./Core/Src/main.o
 .text.StartDefaultTask
                0x08002c68       0x9c ./Core/Src/main.o
                0x08002c68                StartDefaultTask
 .text.IMU_Task
                0x08002d04      0x1c8 ./Core/Src/main.o
                0x08002d04                IMU_Task
 .text.IMU_Print_Task
                0x08002ecc      0x1f4 ./Core/Src/main.o
                0x08002ecc                IMU_Print_Task
 .text.IR_Task  0x080030c0       0x6c ./Core/Src/main.o
                0x080030c0                IR_Task
 .text.Motor_Task
                0x0800312c       0xfc ./Core/Src/main.o
                0x0800312c                Motor_Task
 .text.ESP_Data_Task
                0x08003228       0x68 ./Core/Src/main.o
                0x08003228                ESP_Data_Task
 .text.ESP_RX_Task
                0x08003290       0x54 ./Core/Src/main.o
                0x08003290                ESP_RX_Task
 .text.Telemetry_Task
                0x080032e4      0x254 ./Core/Src/main.o
                0x080032e4                Telemetry_Task
 .text.HAL_TIM_PeriodElapsedCallback
                0x08003538       0x94 ./Core/Src/main.o
                0x08003538                HAL_TIM_PeriodElapsedCallback
 .text.Error_Handler
                0x080035cc        0xc ./Core/Src/main.o
                0x080035cc                Error_Handler
 .text.Motor_Init
                0x080035d8       0x30 ./Core/Src/motor_control.o
                0x080035d8                Motor_Init
 .text.Motor_SharpRight
                0x08003608       0x54 ./Core/Src/motor_control.o
                0x08003608                Motor_SharpRight
 .text.Motor_Right
                0x0800365c       0x5c ./Core/Src/motor_control.o
                0x0800365c                Motor_Right
 .text.Motor_SharpLeft
                0x080036b8       0x54 ./Core/Src/motor_control.o
                0x080036b8                Motor_SharpLeft
 .text.Motor_Left
                0x0800370c       0x5c ./Core/Src/motor_control.o
                0x0800370c                Motor_Left
 .text.Motor_Forward
                0x08003768       0x54 ./Core/Src/motor_control.o
                0x08003768                Motor_Forward
 .text.Motor_Stop
                0x080037bc       0x34 ./Core/Src/motor_control.o
                0x080037bc                Motor_Stop
 .text.HAL_MspInit
                0x080037f0       0x58 ./Core/Src/stm32f4xx_hal_msp.o
                0x080037f0                HAL_MspInit
 .text.HAL_ADC_MspInit
                0x08003848       0x98 ./Core/Src/stm32f4xx_hal_msp.o
                0x08003848                HAL_ADC_MspInit
 .text.HAL_I2C_MspInit
                0x080038e0      0x118 ./Core/Src/stm32f4xx_hal_msp.o
                0x080038e0                HAL_I2C_MspInit
 .text.HAL_TIM_Base_MspInit
                0x080039f8      0x1cc ./Core/Src/stm32f4xx_hal_msp.o
                0x080039f8                HAL_TIM_Base_MspInit
 .text.HAL_TIM_Encoder_MspInit
                0x08003bc4      0x11c ./Core/Src/stm32f4xx_hal_msp.o
                0x08003bc4                HAL_TIM_Encoder_MspInit
 .text.HAL_TIM_MspPostInit
                0x08003ce0      0x114 ./Core/Src/stm32f4xx_hal_msp.o
                0x08003ce0                HAL_TIM_MspPostInit
 .text.HAL_UART_MspInit
                0x08003df4      0x1f0 ./Core/Src/stm32f4xx_hal_msp.o
                0x08003df4                HAL_UART_MspInit
 .text.HAL_PCD_MspInit
                0x08003fe4       0xc4 ./Core/Src/stm32f4xx_hal_msp.o
                0x08003fe4                HAL_PCD_MspInit
 .text.HAL_InitTick
                0x080040a8       0xe8 ./Core/Src/stm32f4xx_hal_timebase_tim.o
                0x080040a8                HAL_InitTick
 .text.NMI_Handler
                0x08004190        0x8 ./Core/Src/stm32f4xx_it.o
                0x08004190                NMI_Handler
 .text.HardFault_Handler
                0x08004198        0x8 ./Core/Src/stm32f4xx_it.o
                0x08004198                HardFault_Handler
 .text.MemManage_Handler
                0x080041a0        0x8 ./Core/Src/stm32f4xx_it.o
                0x080041a0                MemManage_Handler
 .text.BusFault_Handler
                0x080041a8        0x8 ./Core/Src/stm32f4xx_it.o
                0x080041a8                BusFault_Handler
 .text.UsageFault_Handler
                0x080041b0        0x8 ./Core/Src/stm32f4xx_it.o
                0x080041b0                UsageFault_Handler
 .text.DebugMon_Handler
                0x080041b8        0xe ./Core/Src/stm32f4xx_it.o
                0x080041b8                DebugMon_Handler
 *fill*         0x080041c6        0x2 
 .text.DMA1_Stream0_IRQHandler
                0x080041c8       0x14 ./Core/Src/stm32f4xx_it.o
                0x080041c8                DMA1_Stream0_IRQHandler
 .text.ADC_IRQHandler
                0x080041dc       0x14 ./Core/Src/stm32f4xx_it.o
                0x080041dc                ADC_IRQHandler
 .text.TIM1_BRK_TIM9_IRQHandler
                0x080041f0       0x1c ./Core/Src/stm32f4xx_it.o
                0x080041f0                TIM1_BRK_TIM9_IRQHandler
 .text.TIM2_IRQHandler
                0x0800420c       0x14 ./Core/Src/stm32f4xx_it.o
                0x0800420c                TIM2_IRQHandler
 .text.TIM3_IRQHandler
                0x08004220       0x14 ./Core/Src/stm32f4xx_it.o
                0x08004220                TIM3_IRQHandler
 .text.TIM4_IRQHandler
                0x08004234       0x14 ./Core/Src/stm32f4xx_it.o
                0x08004234                TIM4_IRQHandler
 .text.I2C1_EV_IRQHandler
                0x08004248       0x14 ./Core/Src/stm32f4xx_it.o
                0x08004248                I2C1_EV_IRQHandler
 .text.I2C1_ER_IRQHandler
                0x0800425c       0x14 ./Core/Src/stm32f4xx_it.o
                0x0800425c                I2C1_ER_IRQHandler
 .text.USART1_IRQHandler
                0x08004270       0xb8 ./Core/Src/stm32f4xx_it.o
                0x08004270                USART1_IRQHandler
 .text.USART2_IRQHandler
                0x08004328       0x14 ./Core/Src/stm32f4xx_it.o
                0x08004328                USART2_IRQHandler
 .text.TIM5_IRQHandler
                0x0800433c       0x14 ./Core/Src/stm32f4xx_it.o
                0x0800433c                TIM5_IRQHandler
 .text.TIM6_DAC_IRQHandler
                0x08004350       0x14 ./Core/Src/stm32f4xx_it.o
                0x08004350                TIM6_DAC_IRQHandler
 .text.TIM7_IRQHandler
                0x08004364       0x14 ./Core/Src/stm32f4xx_it.o
                0x08004364                TIM7_IRQHandler
 .text.DMA2_Stream2_IRQHandler
                0x08004378       0x14 ./Core/Src/stm32f4xx_it.o
                0x08004378                DMA2_Stream2_IRQHandler
 .text._getpid  0x0800438c       0x10 ./Core/Src/syscalls.o
                0x0800438c                _getpid
 .text._kill    0x0800439c       0x20 ./Core/Src/syscalls.o
                0x0800439c                _kill
 .text._exit    0x080043bc       0x16 ./Core/Src/syscalls.o
                0x080043bc                _exit
 .text._read    0x080043d2       0x3a ./Core/Src/syscalls.o
                0x080043d2                _read
 .text._close   0x0800440c       0x18 ./Core/Src/syscalls.o
                0x0800440c                _close
 .text._fstat   0x08004424       0x20 ./Core/Src/syscalls.o
                0x08004424                _fstat
 .text._isatty  0x08004444       0x16 ./Core/Src/syscalls.o
                0x08004444                _isatty
 .text._lseek   0x0800445a       0x1a ./Core/Src/syscalls.o
                0x0800445a                _lseek
 .text._sbrk    0x08004474       0x6c ./Core/Src/sysmem.o
                0x08004474                _sbrk
 .text.SystemInit
                0x080044e0       0x24 ./Core/Src/system_stm32f4xx.o
                0x080044e0                SystemInit
 .text.UART1_Init
                0x08004504       0x2c ./Core/Src/uart.o
                0x08004504                UART1_Init
 .text.UART1_SendString
                0x08004530       0x4c ./Core/Src/uart.o
                0x08004530                UART1_SendString
 .text.UART1_ProcessReceivedData
                0x0800457c       0x84 ./Core/Src/uart.o
                0x0800457c                UART1_ProcessReceivedData
 .text.Ultrasonic_Init
                0x08004600       0x40 ./Core/Src/ultrasonic.o
                0x08004600                Ultrasonic_Init
 .text.Ultrasonic_Process
                0x08004640      0x174 ./Core/Src/ultrasonic.o
                0x08004640                Ultrasonic_Process
 .text.HAL_TIM_IC_CaptureCallback
                0x080047b4      0x1b4 ./Core/Src/ultrasonic.o
                0x080047b4                HAL_TIM_IC_CaptureCallback
 .text.Reset_Handler
                0x08004968       0x50 ./Core/Startup/startup_stm32f446zetx.o
                0x08004968                Reset_Handler
 .text.Default_Handler
                0x080049b8        0x2 ./Core/Startup/startup_stm32f446zetx.o
                0x080049b8                RTC_Alarm_IRQHandler
                0x080049b8                EXTI2_IRQHandler
                0x080049b8                TIM8_CC_IRQHandler
                0x080049b8                FMPI2C1_EV_IRQHandler
                0x080049b8                SPI4_IRQHandler
                0x080049b8                TIM1_CC_IRQHandler
                0x080049b8                DMA2_Stream5_IRQHandler
                0x080049b8                DMA1_Stream5_IRQHandler
                0x080049b8                PVD_IRQHandler
                0x080049b8                SDIO_IRQHandler
                0x080049b8                TAMP_STAMP_IRQHandler
                0x080049b8                CAN2_RX1_IRQHandler
                0x080049b8                EXTI3_IRQHandler
                0x080049b8                TIM8_TRG_COM_TIM14_IRQHandler
                0x080049b8                TIM1_UP_TIM10_IRQHandler
                0x080049b8                TIM8_UP_TIM13_IRQHandler
                0x080049b8                I2C3_ER_IRQHandler
                0x080049b8                EXTI0_IRQHandler
                0x080049b8                I2C2_EV_IRQHandler
                0x080049b8                DMA1_Stream2_IRQHandler
                0x080049b8                CAN1_RX0_IRQHandler
                0x080049b8                FPU_IRQHandler
                0x080049b8                OTG_HS_WKUP_IRQHandler
                0x080049b8                CAN2_SCE_IRQHandler
                0x080049b8                SPI1_IRQHandler
                0x080049b8                DCMI_IRQHandler
                0x080049b8                CAN2_RX0_IRQHandler
                0x080049b8                DMA2_Stream3_IRQHandler
                0x080049b8                SAI2_IRQHandler
                0x080049b8                USART6_IRQHandler
                0x080049b8                USART3_IRQHandler
                0x080049b8                CAN1_RX1_IRQHandler
                0x080049b8                UART5_IRQHandler
                0x080049b8                DMA2_Stream0_IRQHandler
                0x080049b8                QUADSPI_IRQHandler
                0x080049b8                DMA1_Stream6_IRQHandler
                0x080049b8                DMA1_Stream1_IRQHandler
                0x080049b8                UART4_IRQHandler
                0x080049b8                RCC_IRQHandler
                0x080049b8                TIM8_BRK_TIM12_IRQHandler
                0x080049b8                Default_Handler
                0x080049b8                CEC_IRQHandler
                0x080049b8                EXTI15_10_IRQHandler
                0x080049b8                DMA1_Stream7_IRQHandler
                0x080049b8                CAN2_TX_IRQHandler
                0x080049b8                DMA2_Stream7_IRQHandler
                0x080049b8                I2C3_EV_IRQHandler
                0x080049b8                EXTI9_5_IRQHandler
                0x080049b8                RTC_WKUP_IRQHandler
                0x080049b8                SPDIF_RX_IRQHandler
                0x080049b8                SPI2_IRQHandler
                0x080049b8                OTG_HS_EP1_IN_IRQHandler
                0x080049b8                CAN1_TX_IRQHandler
                0x080049b8                FMPI2C1_ER_IRQHandler
                0x080049b8                EXTI4_IRQHandler
                0x080049b8                OTG_HS_EP1_OUT_IRQHandler
                0x080049b8                WWDG_IRQHandler
                0x080049b8                OTG_FS_WKUP_IRQHandler
                0x080049b8                TIM1_TRG_COM_TIM11_IRQHandler
                0x080049b8                OTG_HS_IRQHandler
                0x080049b8                EXTI1_IRQHandler
                0x080049b8                I2C2_ER_IRQHandler
                0x080049b8                DMA2_Stream1_IRQHandler
                0x080049b8                CAN1_SCE_IRQHandler
                0x080049b8                FLASH_IRQHandler
                0x080049b8                DMA2_Stream4_IRQHandler
                0x080049b8                OTG_FS_IRQHandler
                0x080049b8                SPI3_IRQHandler
                0x080049b8                DMA1_Stream4_IRQHandler
                0x080049b8                FMC_IRQHandler
                0x080049b8                DMA2_Stream6_IRQHandler
                0x080049b8                SAI1_IRQHandler
                0x080049b8                DMA1_Stream3_IRQHandler
 *fill*         0x080049ba        0x2 
 .text.HAL_Init
                0x080049bc       0x44 ./Drivers/STM32F4xx_HAL_Driver/Src/stm32f4xx_hal.o
                0x080049bc                HAL_Init
 .text.HAL_IncTick
                0x08004a00       0x28 ./Drivers/STM32F4xx_HAL_Driver/Src/stm32f4xx_hal.o
                0x08004a00                HAL_IncTick
 .text.HAL_GetTick
                0x08004a28       0x18 ./Drivers/STM32F4xx_HAL_Driver/Src/stm32f4xx_hal.o
                0x08004a28                HAL_GetTick
 .text.HAL_Delay
                0x08004a40       0x48 ./Drivers/STM32F4xx_HAL_Driver/Src/stm32f4xx_hal.o
                0x08004a40                HAL_Delay
 .text.HAL_ADC_Init
                0x08004a88       0x86 ./Drivers/STM32F4xx_HAL_Driver/Src/stm32f4xx_hal_adc.o
                0x08004a88                HAL_ADC_Init
 *fill*         0x08004b0e        0x2 
 .text.HAL_ADC_Start_IT
                0x08004b10      0x1bc ./Drivers/STM32F4xx_HAL_Driver/Src/stm32f4xx_hal_adc.o
                0x08004b10                HAL_ADC_Start_IT
 .text.HAL_ADC_IRQHandler
                0x08004ccc      0x220 ./Drivers/STM32F4xx_HAL_Driver/Src/stm32f4xx_hal_adc.o
                0x08004ccc                HAL_ADC_IRQHandler
 .text.HAL_ADC_GetValue
                0x08004eec       0x1a ./Drivers/STM32F4xx_HAL_Driver/Src/stm32f4xx_hal_adc.o
                0x08004eec                HAL_ADC_GetValue
 .text.HAL_ADC_LevelOutOfWindowCallback
                0x08004f06       0x14 ./Drivers/STM32F4xx_HAL_Driver/Src/stm32f4xx_hal_adc.o
                0x08004f06                HAL_ADC_LevelOutOfWindowCallback
 .text.HAL_ADC_ErrorCallback
                0x08004f1a       0x14 ./Drivers/STM32F4xx_HAL_Driver/Src/stm32f4xx_hal_adc.o
                0x08004f1a                HAL_ADC_ErrorCallback
 *fill*         0x08004f2e        0x2 
 .text.HAL_ADC_ConfigChannel
                0x08004f30      0x264 ./Drivers/STM32F4xx_HAL_Driver/Src/stm32f4xx_hal_adc.o
                0x08004f30                HAL_ADC_ConfigChannel
 .text.ADC_Init
                0x08005194      0x1f8 ./Drivers/STM32F4xx_HAL_Driver/Src/stm32f4xx_hal_adc.o
 .text.HAL_ADCEx_InjectedConvCpltCallback
                0x0800538c       0x14 ./Drivers/STM32F4xx_HAL_Driver/Src/stm32f4xx_hal_adc_ex.o
                0x0800538c                HAL_ADCEx_InjectedConvCpltCallback
 .text.__NVIC_SetPriorityGrouping
                0x080053a0       0x48 ./Drivers/STM32F4xx_HAL_Driver/Src/stm32f4xx_hal_cortex.o
 .text.__NVIC_GetPriorityGrouping
                0x080053e8       0x1c ./Drivers/STM32F4xx_HAL_Driver/Src/stm32f4xx_hal_cortex.o
 .text.__NVIC_EnableIRQ
                0x08005404       0x3c ./Drivers/STM32F4xx_HAL_Driver/Src/stm32f4xx_hal_cortex.o
 .text.__NVIC_SetPriority
                0x08005440       0x54 ./Drivers/STM32F4xx_HAL_Driver/Src/stm32f4xx_hal_cortex.o
 .text.NVIC_EncodePriority
                0x08005494       0x66 ./Drivers/STM32F4xx_HAL_Driver/Src/stm32f4xx_hal_cortex.o
 .text.HAL_NVIC_SetPriorityGrouping
                0x080054fa       0x16 ./Drivers/STM32F4xx_HAL_Driver/Src/stm32f4xx_hal_cortex.o
                0x080054fa                HAL_NVIC_SetPriorityGrouping
 .text.HAL_NVIC_SetPriority
                0x08005510       0x38 ./Drivers/STM32F4xx_HAL_Driver/Src/stm32f4xx_hal_cortex.o
                0x08005510                HAL_NVIC_SetPriority
 .text.HAL_NVIC_EnableIRQ
                0x08005548       0x1c ./Drivers/STM32F4xx_HAL_Driver/Src/stm32f4xx_hal_cortex.o
                0x08005548                HAL_NVIC_EnableIRQ
 .text.HAL_DMA_Init
                0x08005564      0x15c ./Drivers/STM32F4xx_HAL_Driver/Src/stm32f4xx_hal_dma.o
                0x08005564                HAL_DMA_Init
 .text.HAL_DMA_Start_IT
                0x080056c0       0xb0 ./Drivers/STM32F4xx_HAL_Driver/Src/stm32f4xx_hal_dma.o
                0x080056c0                HAL_DMA_Start_IT
 .text.HAL_DMA_Abort
                0x08005770       0xe0 ./Drivers/STM32F4xx_HAL_Driver/Src/stm32f4xx_hal_dma.o
                0x08005770                HAL_DMA_Abort
 .text.HAL_DMA_Abort_IT
                0x08005850       0x44 ./Drivers/STM32F4xx_HAL_Driver/Src/stm32f4xx_hal_dma.o
                0x08005850                HAL_DMA_Abort_IT
 .text.HAL_DMA_IRQHandler
                0x08005894      0x314 ./Drivers/STM32F4xx_HAL_Driver/Src/stm32f4xx_hal_dma.o
                0x08005894                HAL_DMA_IRQHandler
 .text.HAL_DMA_GetState
                0x08005ba8       0x1c ./Drivers/STM32F4xx_HAL_Driver/Src/stm32f4xx_hal_dma.o
                0x08005ba8                HAL_DMA_GetState
 .text.DMA_SetConfig
                0x08005bc4       0x5c ./Drivers/STM32F4xx_HAL_Driver/Src/stm32f4xx_hal_dma.o
 .text.DMA_CalcBaseAndBitshift
                0x08005c20       0x6c ./Drivers/STM32F4xx_HAL_Driver/Src/stm32f4xx_hal_dma.o
 .text.DMA_CheckFifoParam
                0x08005c8c       0xf8 ./Drivers/STM32F4xx_HAL_Driver/Src/stm32f4xx_hal_dma.o
 .text.HAL_GPIO_Init
                0x08005d84      0x328 ./Drivers/STM32F4xx_HAL_Driver/Src/stm32f4xx_hal_gpio.o
                0x08005d84                HAL_GPIO_Init
 .text.HAL_GPIO_ReadPin
                0x080060ac       0x30 ./Drivers/STM32F4xx_HAL_Driver/Src/stm32f4xx_hal_gpio.o
                0x080060ac                HAL_GPIO_ReadPin
 .text.HAL_GPIO_WritePin
                0x080060dc       0x32 ./Drivers/STM32F4xx_HAL_Driver/Src/stm32f4xx_hal_gpio.o
                0x080060dc                HAL_GPIO_WritePin
 .text.HAL_GPIO_TogglePin
                0x0800610e       0x34 ./Drivers/STM32F4xx_HAL_Driver/Src/stm32f4xx_hal_gpio.o
                0x0800610e                HAL_GPIO_TogglePin
 *fill*         0x08006142        0x2 
 .text.HAL_I2C_Init
                0x08006144      0x288 ./Drivers/STM32F4xx_HAL_Driver/Src/stm32f4xx_hal_i2c.o
                0x08006144                HAL_I2C_Init
 .text.I2C_Flush_DR
                0x080063cc       0x2a ./Drivers/STM32F4xx_HAL_Driver/Src/stm32f4xx_hal_i2c.o
 *fill*         0x080063f6        0x2 
 .text.HAL_I2C_Master_Transmit
                0x080063f8      0x1fc ./Drivers/STM32F4xx_HAL_Driver/Src/stm32f4xx_hal_i2c.o
                0x080063f8                HAL_I2C_Master_Transmit
 .text.HAL_I2C_Mem_Write
                0x080065f4      0x1f4 ./Drivers/STM32F4xx_HAL_Driver/Src/stm32f4xx_hal_i2c.o
                0x080065f4                HAL_I2C_Mem_Write
 .text.HAL_I2C_Mem_Read
                0x080067e8      0x464 ./Drivers/STM32F4xx_HAL_Driver/Src/stm32f4xx_hal_i2c.o
                0x080067e8                HAL_I2C_Mem_Read
 .text.HAL_I2C_EV_IRQHandler
                0x08006c4c      0x2e2 ./Drivers/STM32F4xx_HAL_Driver/Src/stm32f4xx_hal_i2c.o
                0x08006c4c                HAL_I2C_EV_IRQHandler
 .text.HAL_I2C_ER_IRQHandler
                0x08006f2e      0x14e ./Drivers/STM32F4xx_HAL_Driver/Src/stm32f4xx_hal_i2c.o
                0x08006f2e                HAL_I2C_ER_IRQHandler
 .text.HAL_I2C_MasterTxCpltCallback
                0x0800707c       0x14 ./Drivers/STM32F4xx_HAL_Driver/Src/stm32f4xx_hal_i2c.o
                0x0800707c                HAL_I2C_MasterTxCpltCallback
 .text.HAL_I2C_MasterRxCpltCallback
                0x08007090       0x14 ./Drivers/STM32F4xx_HAL_Driver/Src/stm32f4xx_hal_i2c.o
                0x08007090                HAL_I2C_MasterRxCpltCallback
 .text.HAL_I2C_SlaveTxCpltCallback
                0x080070a4       0x14 ./Drivers/STM32F4xx_HAL_Driver/Src/stm32f4xx_hal_i2c.o
                0x080070a4                HAL_I2C_SlaveTxCpltCallback
 .text.HAL_I2C_SlaveRxCpltCallback
                0x080070b8       0x14 ./Drivers/STM32F4xx_HAL_Driver/Src/stm32f4xx_hal_i2c.o
                0x080070b8                HAL_I2C_SlaveRxCpltCallback
 .text.HAL_I2C_AddrCallback
                0x080070cc       0x1c ./Drivers/STM32F4xx_HAL_Driver/Src/stm32f4xx_hal_i2c.o
                0x080070cc                HAL_I2C_AddrCallback
 .text.HAL_I2C_ListenCpltCallback
                0x080070e8       0x14 ./Drivers/STM32F4xx_HAL_Driver/Src/stm32f4xx_hal_i2c.o
                0x080070e8                HAL_I2C_ListenCpltCallback
 .text.HAL_I2C_MemTxCpltCallback
                0x080070fc       0x14 ./Drivers/STM32F4xx_HAL_Driver/Src/stm32f4xx_hal_i2c.o
                0x080070fc                HAL_I2C_MemTxCpltCallback
 .text.HAL_I2C_MemRxCpltCallback
                0x08007110       0x14 ./Drivers/STM32F4xx_HAL_Driver/Src/stm32f4xx_hal_i2c.o
                0x08007110                HAL_I2C_MemRxCpltCallback
 .text.HAL_I2C_ErrorCallback
                0x08007124       0x14 ./Drivers/STM32F4xx_HAL_Driver/Src/stm32f4xx_hal_i2c.o
                0x08007124                HAL_I2C_ErrorCallback
 .text.HAL_I2C_AbortCpltCallback
                0x08007138       0x14 ./Drivers/STM32F4xx_HAL_Driver/Src/stm32f4xx_hal_i2c.o
                0x08007138                HAL_I2C_AbortCpltCallback
 .text.I2C_MasterTransmit_TXE
                0x0800714c      0x138 ./Drivers/STM32F4xx_HAL_Driver/Src/stm32f4xx_hal_i2c.o
 .text.I2C_MasterTransmit_BTF
                0x08007284       0xec ./Drivers/STM32F4xx_HAL_Driver/Src/stm32f4xx_hal_i2c.o
 .text.I2C_MemoryTransmit_TXE_BTF
                0x08007370      0x130 ./Drivers/STM32F4xx_HAL_Driver/Src/stm32f4xx_hal_i2c.o
 .text.I2C_MasterReceive_RXNE
                0x080074a0      0x190 ./Drivers/STM32F4xx_HAL_Driver/Src/stm32f4xx_hal_i2c.o
 .text.I2C_MasterReceive_BTF
                0x08007630      0x1e2 ./Drivers/STM32F4xx_HAL_Driver/Src/stm32f4xx_hal_i2c.o
 .text.I2C_Master_SB
                0x08007812      0x10c ./Drivers/STM32F4xx_HAL_Driver/Src/stm32f4xx_hal_i2c.o
 .text.I2C_Master_ADD10
                0x0800791e       0x54 ./Drivers/STM32F4xx_HAL_Driver/Src/stm32f4xx_hal_i2c.o
 .text.I2C_Master_ADDR
                0x08007972      0x322 ./Drivers/STM32F4xx_HAL_Driver/Src/stm32f4xx_hal_i2c.o
 .text.I2C_SlaveTransmit_TXE
                0x08007c94       0x7a ./Drivers/STM32F4xx_HAL_Driver/Src/stm32f4xx_hal_i2c.o
 .text.I2C_SlaveTransmit_BTF
                0x08007d0e       0x42 ./Drivers/STM32F4xx_HAL_Driver/Src/stm32f4xx_hal_i2c.o
 .text.I2C_SlaveReceive_RXNE
                0x08007d50       0x7c ./Drivers/STM32F4xx_HAL_Driver/Src/stm32f4xx_hal_i2c.o
 .text.I2C_SlaveReceive_BTF
                0x08007dcc       0x44 ./Drivers/STM32F4xx_HAL_Driver/Src/stm32f4xx_hal_i2c.o
 .text.I2C_Slave_ADDR
                0x08007e10       0x94 ./Drivers/STM32F4xx_HAL_Driver/Src/stm32f4xx_hal_i2c.o
 .text.I2C_Slave_STOPF
                0x08007ea4      0x260 ./Drivers/STM32F4xx_HAL_Driver/Src/stm32f4xx_hal_i2c.o
 .text.I2C_Slave_AF
                0x08008104       0xe8 ./Drivers/STM32F4xx_HAL_Driver/Src/stm32f4xx_hal_i2c.o
 .text.I2C_ITError
                0x080081ec      0x264 ./Drivers/STM32F4xx_HAL_Driver/Src/stm32f4xx_hal_i2c.o
 .text.I2C_MasterRequestWrite
                0x08008450      0x104 ./Drivers/STM32F4xx_HAL_Driver/Src/stm32f4xx_hal_i2c.o
 .text.I2C_RequestMemoryWrite
                0x08008554      0x12c ./Drivers/STM32F4xx_HAL_Driver/Src/stm32f4xx_hal_i2c.o
 .text.I2C_RequestMemoryRead
                0x08008680      0x1d0 ./Drivers/STM32F4xx_HAL_Driver/Src/stm32f4xx_hal_i2c.o
 .text.I2C_DMAAbort
                0x08008850      0x150 ./Drivers/STM32F4xx_HAL_Driver/Src/stm32f4xx_hal_i2c.o
 .text.I2C_WaitOnFlagUntilTimeout
                0x080089a0       0xf4 ./Drivers/STM32F4xx_HAL_Driver/Src/stm32f4xx_hal_i2c.o
 .text.I2C_WaitOnMasterAddressFlagUntilTimeout
                0x08008a94      0x140 ./Drivers/STM32F4xx_HAL_Driver/Src/stm32f4xx_hal_i2c.o
 .text.I2C_WaitOnTXEFlagUntilTimeout
                0x08008bd4       0x90 ./Drivers/STM32F4xx_HAL_Driver/Src/stm32f4xx_hal_i2c.o
 .text.I2C_WaitOnBTFFlagUntilTimeout
                0x08008c64       0x90 ./Drivers/STM32F4xx_HAL_Driver/Src/stm32f4xx_hal_i2c.o
 .text.I2C_WaitOnSTOPRequestThroughIT
                0x08008cf4       0x64 ./Drivers/STM32F4xx_HAL_Driver/Src/stm32f4xx_hal_i2c.o
 .text.I2C_WaitOnRXNEFlagUntilTimeout
                0x08008d58       0xba ./Drivers/STM32F4xx_HAL_Driver/Src/stm32f4xx_hal_i2c.o
 .text.I2C_IsAcknowledgeFailed
                0x08008e12       0x5e ./Drivers/STM32F4xx_HAL_Driver/Src/stm32f4xx_hal_i2c.o
 .text.I2C_ConvertOtherXferOptions
                0x08008e70       0x36 ./Drivers/STM32F4xx_HAL_Driver/Src/stm32f4xx_hal_i2c.o
 .text.HAL_PCD_Init
                0x08008ea6      0x22c ./Drivers/STM32F4xx_HAL_Driver/Src/stm32f4xx_hal_pcd.o
                0x08008ea6                HAL_PCD_Init
 .text.HAL_PCDEx_ActivateLPM
                0x080090d2       0x48 ./Drivers/STM32F4xx_HAL_Driver/Src/stm32f4xx_hal_pcd_ex.o
                0x080090d2                HAL_PCDEx_ActivateLPM
 *fill*         0x0800911a        0x2 
 .text.HAL_RCC_ClockConfig
                0x0800911c      0x1cc ./Drivers/STM32F4xx_HAL_Driver/Src/stm32f4xx_hal_rcc.o
                0x0800911c                HAL_RCC_ClockConfig
 .text.HAL_RCC_GetHCLKFreq
                0x080092e8       0x18 ./Drivers/STM32F4xx_HAL_Driver/Src/stm32f4xx_hal_rcc.o
                0x080092e8                HAL_RCC_GetHCLKFreq
 .text.HAL_RCC_GetPCLK1Freq
                0x08009300       0x28 ./Drivers/STM32F4xx_HAL_Driver/Src/stm32f4xx_hal_rcc.o
                0x08009300                HAL_RCC_GetPCLK1Freq
 .text.HAL_RCC_GetPCLK2Freq
                0x08009328       0x28 ./Drivers/STM32F4xx_HAL_Driver/Src/stm32f4xx_hal_rcc.o
                0x08009328                HAL_RCC_GetPCLK2Freq
 .text.HAL_RCC_GetClockConfig
                0x08009350       0x64 ./Drivers/STM32F4xx_HAL_Driver/Src/stm32f4xx_hal_rcc.o
                0x08009350                HAL_RCC_GetClockConfig
 .text.HAL_RCCEx_PeriphCLKConfig
                0x080093b4      0x654 ./Drivers/STM32F4xx_HAL_Driver/Src/stm32f4xx_hal_rcc_ex.o
                0x080093b4                HAL_RCCEx_PeriphCLKConfig
 .text.HAL_RCC_GetSysClockFreq
                0x08009a08      0x460 ./Drivers/STM32F4xx_HAL_Driver/Src/stm32f4xx_hal_rcc_ex.o
                0x08009a08                HAL_RCC_GetSysClockFreq
 .text.HAL_RCC_OscConfig
                0x08009e68      0x53c ./Drivers/STM32F4xx_HAL_Driver/Src/stm32f4xx_hal_rcc_ex.o
                0x08009e68                HAL_RCC_OscConfig
 .text.HAL_TIM_Base_Init
                0x0800a3a4       0x9e ./Drivers/STM32F4xx_HAL_Driver/Src/stm32f4xx_hal_tim.o
                0x0800a3a4                HAL_TIM_Base_Init
 *fill*         0x0800a442        0x2 
 .text.HAL_TIM_Base_Start_IT
                0x0800a444       0xe0 ./Drivers/STM32F4xx_HAL_Driver/Src/stm32f4xx_hal_tim.o
                0x0800a444                HAL_TIM_Base_Start_IT
 .text.HAL_TIM_PWM_Init
                0x0800a524       0x9e ./Drivers/STM32F4xx_HAL_Driver/Src/stm32f4xx_hal_tim.o
                0x0800a524                HAL_TIM_PWM_Init
 .text.HAL_TIM_PWM_MspInit
                0x0800a5c2       0x14 ./Drivers/STM32F4xx_HAL_Driver/Src/stm32f4xx_hal_tim.o
                0x0800a5c2                HAL_TIM_PWM_MspInit
 *fill*         0x0800a5d6        0x2 
 .text.HAL_TIM_PWM_Start
                0x0800a5d8      0x190 ./Drivers/STM32F4xx_HAL_Driver/Src/stm32f4xx_hal_tim.o
                0x0800a5d8                HAL_TIM_PWM_Start
 .text.HAL_TIM_IC_Init
                0x0800a768       0x9e ./Drivers/STM32F4xx_HAL_Driver/Src/stm32f4xx_hal_tim.o
                0x0800a768                HAL_TIM_IC_Init
 .text.HAL_TIM_IC_MspInit
                0x0800a806       0x14 ./Drivers/STM32F4xx_HAL_Driver/Src/stm32f4xx_hal_tim.o
                0x0800a806                HAL_TIM_IC_MspInit
 *fill*         0x0800a81a        0x2 
 .text.HAL_TIM_IC_Start_IT
                0x0800a81c      0x250 ./Drivers/STM32F4xx_HAL_Driver/Src/stm32f4xx_hal_tim.o
                0x0800a81c                HAL_TIM_IC_Start_IT
 .text.HAL_TIM_Encoder_Init
                0x0800aa6c      0x14c ./Drivers/STM32F4xx_HAL_Driver/Src/stm32f4xx_hal_tim.o
                0x0800aa6c                HAL_TIM_Encoder_Init
 .text.HAL_TIM_Encoder_Start
                0x0800abb8      0x11c ./Drivers/STM32F4xx_HAL_Driver/Src/stm32f4xx_hal_tim.o
                0x0800abb8                HAL_TIM_Encoder_Start
 .text.HAL_TIM_IRQHandler
                0x0800acd4      0x1e0 ./Drivers/STM32F4xx_HAL_Driver/Src/stm32f4xx_hal_tim.o
                0x0800acd4                HAL_TIM_IRQHandler
 .text.HAL_TIM_IC_ConfigChannel
                0x0800aeb4      0x138 ./Drivers/STM32F4xx_HAL_Driver/Src/stm32f4xx_hal_tim.o
                0x0800aeb4                HAL_TIM_IC_ConfigChannel
 .text.HAL_TIM_PWM_ConfigChannel
                0x0800afec      0x184 ./Drivers/STM32F4xx_HAL_Driver/Src/stm32f4xx_hal_tim.o
                0x0800afec                HAL_TIM_PWM_ConfigChannel
 .text.HAL_TIM_ConfigClockSource
                0x0800b170      0x18e ./Drivers/STM32F4xx_HAL_Driver/Src/stm32f4xx_hal_tim.o
                0x0800b170                HAL_TIM_ConfigClockSource
 *fill*         0x0800b2fe        0x2 
 .text.HAL_TIM_ReadCapturedValue
                0x0800b300       0x88 ./Drivers/STM32F4xx_HAL_Driver/Src/stm32f4xx_hal_tim.o
                0x0800b300                HAL_TIM_ReadCapturedValue
 .text.HAL_TIM_OC_DelayElapsedCallback
                0x0800b388       0x14 ./Drivers/STM32F4xx_HAL_Driver/Src/stm32f4xx_hal_tim.o
                0x0800b388                HAL_TIM_OC_DelayElapsedCallback
 .text.HAL_TIM_PWM_PulseFinishedCallback
                0x0800b39c       0x14 ./Drivers/STM32F4xx_HAL_Driver/Src/stm32f4xx_hal_tim.o
                0x0800b39c                HAL_TIM_PWM_PulseFinishedCallback
 .text.HAL_TIM_TriggerCallback
                0x0800b3b0       0x14 ./Drivers/STM32F4xx_HAL_Driver/Src/stm32f4xx_hal_tim.o
                0x0800b3b0                HAL_TIM_TriggerCallback
 .text.TIM_Base_SetConfig
                0x0800b3c4      0x14c ./Drivers/STM32F4xx_HAL_Driver/Src/stm32f4xx_hal_tim.o
                0x0800b3c4                TIM_Base_SetConfig
 .text.TIM_OC1_SetConfig
                0x0800b510       0xe0 ./Drivers/STM32F4xx_HAL_Driver/Src/stm32f4xx_hal_tim.o
 .text.TIM_OC2_SetConfig
                0x0800b5f0       0xec ./Drivers/STM32F4xx_HAL_Driver/Src/stm32f4xx_hal_tim.o
                0x0800b5f0                TIM_OC2_SetConfig
 .text.TIM_OC3_SetConfig
                0x0800b6dc       0xe8 ./Drivers/STM32F4xx_HAL_Driver/Src/stm32f4xx_hal_tim.o
 .text.TIM_OC4_SetConfig
                0x0800b7c4       0xac ./Drivers/STM32F4xx_HAL_Driver/Src/stm32f4xx_hal_tim.o
 .text.TIM_TI1_SetConfig
                0x0800b870       0xe8 ./Drivers/STM32F4xx_HAL_Driver/Src/stm32f4xx_hal_tim.o
                0x0800b870                TIM_TI1_SetConfig
 .text.TIM_TI1_ConfigInputStage
                0x0800b958       0x5e ./Drivers/STM32F4xx_HAL_Driver/Src/stm32f4xx_hal_tim.o
 .text.TIM_TI2_SetConfig
                0x0800b9b6       0x7a ./Drivers/STM32F4xx_HAL_Driver/Src/stm32f4xx_hal_tim.o
 .text.TIM_TI2_ConfigInputStage
                0x0800ba30       0x60 ./Drivers/STM32F4xx_HAL_Driver/Src/stm32f4xx_hal_tim.o
 .text.TIM_TI3_SetConfig
                0x0800ba90       0x78 ./Drivers/STM32F4xx_HAL_Driver/Src/stm32f4xx_hal_tim.o
 .text.TIM_TI4_SetConfig
                0x0800bb08       0x7a ./Drivers/STM32F4xx_HAL_Driver/Src/stm32f4xx_hal_tim.o
 .text.TIM_ITRx_SetConfig
                0x0800bb82       0x36 ./Drivers/STM32F4xx_HAL_Driver/Src/stm32f4xx_hal_tim.o
 .text.TIM_ETR_SetConfig
                0x0800bbb8       0x40 ./Drivers/STM32F4xx_HAL_Driver/Src/stm32f4xx_hal_tim.o
                0x0800bbb8                TIM_ETR_SetConfig
 .text.TIM_CCxChannelCmd
                0x0800bbf8       0x4a ./Drivers/STM32F4xx_HAL_Driver/Src/stm32f4xx_hal_tim.o
                0x0800bbf8                TIM_CCxChannelCmd
 *fill*         0x0800bc42        0x2 
 .text.HAL_TIMEx_MasterConfigSynchronization
                0x0800bc44       0xf8 ./Drivers/STM32F4xx_HAL_Driver/Src/stm32f4xx_hal_tim_ex.o
                0x0800bc44                HAL_TIMEx_MasterConfigSynchronization
 .text.HAL_TIMEx_ConfigBreakDeadTime
                0x0800bd3c       0xa4 ./Drivers/STM32F4xx_HAL_Driver/Src/stm32f4xx_hal_tim_ex.o
                0x0800bd3c                HAL_TIMEx_ConfigBreakDeadTime
 .text.HAL_TIMEx_CommutCallback
                0x0800bde0       0x14 ./Drivers/STM32F4xx_HAL_Driver/Src/stm32f4xx_hal_tim_ex.o
                0x0800bde0                HAL_TIMEx_CommutCallback
 .text.HAL_TIMEx_BreakCallback
                0x0800bdf4       0x14 ./Drivers/STM32F4xx_HAL_Driver/Src/stm32f4xx_hal_tim_ex.o
                0x0800bdf4                HAL_TIMEx_BreakCallback
 .text.HAL_UART_Init
                0x0800be08       0xa0 ./Drivers/STM32F4xx_HAL_Driver/Src/stm32f4xx_hal_uart.o
                0x0800be08                HAL_UART_Init
 .text.HAL_UART_Transmit
                0x0800bea8      0x116 ./Drivers/STM32F4xx_HAL_Driver/Src/stm32f4xx_hal_uart.o
                0x0800bea8                HAL_UART_Transmit
 .text.HAL_UART_Transmit_IT
                0x0800bfbe       0x6c ./Drivers/STM32F4xx_HAL_Driver/Src/stm32f4xx_hal_uart.o
                0x0800bfbe                HAL_UART_Transmit_IT
 .text.HAL_UART_Receive_IT
                0x0800c02a       0x4a ./Drivers/STM32F4xx_HAL_Driver/Src/stm32f4xx_hal_uart.o
                0x0800c02a                HAL_UART_Receive_IT
 .text.HAL_UART_Receive_DMA
                0x0800c074       0x4a ./Drivers/STM32F4xx_HAL_Driver/Src/stm32f4xx_hal_uart.o
                0x0800c074                HAL_UART_Receive_DMA
 *fill*         0x0800c0be        0x2 
 .text.HAL_UART_IRQHandler
                0x0800c0c0      0x554 ./Drivers/STM32F4xx_HAL_Driver/Src/stm32f4xx_hal_uart.o
                0x0800c0c0                HAL_UART_IRQHandler
 .text.HAL_UART_RxHalfCpltCallback
                0x0800c614       0x14 ./Drivers/STM32F4xx_HAL_Driver/Src/stm32f4xx_hal_uart.o
                0x0800c614                HAL_UART_RxHalfCpltCallback
 .text.HAL_UART_ErrorCallback
                0x0800c628       0x14 ./Drivers/STM32F4xx_HAL_Driver/Src/stm32f4xx_hal_uart.o
                0x0800c628                HAL_UART_ErrorCallback
 .text.HAL_UARTEx_RxEventCallback
                0x0800c63c       0x18 ./Drivers/STM32F4xx_HAL_Driver/Src/stm32f4xx_hal_uart.o
                0x0800c63c                HAL_UARTEx_RxEventCallback
 .text.UART_DMAReceiveCplt
                0x0800c654      0x12c ./Drivers/STM32F4xx_HAL_Driver/Src/stm32f4xx_hal_uart.o
 .text.UART_DMARxHalfCplt
                0x0800c780       0x3c ./Drivers/STM32F4xx_HAL_Driver/Src/stm32f4xx_hal_uart.o
 .text.UART_DMAError
                0x0800c7bc       0x94 ./Drivers/STM32F4xx_HAL_Driver/Src/stm32f4xx_hal_uart.o
 .text.UART_WaitOnFlagUntilTimeout
                0x0800c850       0xb2 ./Drivers/STM32F4xx_HAL_Driver/Src/stm32f4xx_hal_uart.o
 .text.UART_Start_Receive_IT
                0x0800c902       0x74 ./Drivers/STM32F4xx_HAL_Driver/Src/stm32f4xx_hal_uart.o
                0x0800c902                UART_Start_Receive_IT
 *fill*         0x0800c976        0x2 
 .text.UART_Start_Receive_DMA
                0x0800c978      0x14c ./Drivers/STM32F4xx_HAL_Driver/Src/stm32f4xx_hal_uart.o
                0x0800c978                UART_Start_Receive_DMA
 .text.UART_EndTxTransfer
                0x0800cac4       0x50 ./Drivers/STM32F4xx_HAL_Driver/Src/stm32f4xx_hal_uart.o
 .text.UART_EndRxTransfer
                0x0800cb14       0xc6 ./Drivers/STM32F4xx_HAL_Driver/Src/stm32f4xx_hal_uart.o
 .text.UART_DMAAbortOnError
                0x0800cbda       0x22 ./Drivers/STM32F4xx_HAL_Driver/Src/stm32f4xx_hal_uart.o
 .text.UART_Transmit_IT
                0x0800cbfc       0xa0 ./Drivers/STM32F4xx_HAL_Driver/Src/stm32f4xx_hal_uart.o
 .text.UART_EndTransmit_IT
                0x0800cc9c       0x30 ./Drivers/STM32F4xx_HAL_Driver/Src/stm32f4xx_hal_uart.o
 .text.UART_Receive_IT
                0x0800cccc      0x17c ./Drivers/STM32F4xx_HAL_Driver/Src/stm32f4xx_hal_uart.o
 .text.UART_SetConfig
                0x0800ce48      0x4e8 ./Drivers/STM32F4xx_HAL_Driver/Src/stm32f4xx_hal_uart.o
 .text.USB_CoreInit
                0x0800d330       0xc8 ./Drivers/STM32F4xx_HAL_Driver/Src/stm32f4xx_ll_usb.o
                0x0800d330                USB_CoreInit
 .text.USB_DisableGlobalInt
                0x0800d3f8       0x22 ./Drivers/STM32F4xx_HAL_Driver/Src/stm32f4xx_ll_usb.o
                0x0800d3f8                USB_DisableGlobalInt
 .text.USB_SetCurrentMode
                0x0800d41a       0x98 ./Drivers/STM32F4xx_HAL_Driver/Src/stm32f4xx_ll_usb.o
                0x0800d41a                USB_SetCurrentMode
 *fill*         0x0800d4b2        0x2 
 .text.USB_DevInit
                0x0800d4b4      0x2bc ./Drivers/STM32F4xx_HAL_Driver/Src/stm32f4xx_ll_usb.o
                0x0800d4b4                USB_DevInit
 .text.USB_FlushTxFifo
                0x0800d770       0x64 ./Drivers/STM32F4xx_HAL_Driver/Src/stm32f4xx_ll_usb.o
                0x0800d770                USB_FlushTxFifo
 .text.USB_FlushRxFifo
                0x0800d7d4       0x5c ./Drivers/STM32F4xx_HAL_Driver/Src/stm32f4xx_ll_usb.o
                0x0800d7d4                USB_FlushRxFifo
 .text.USB_SetDevSpeed
                0x0800d830       0x32 ./Drivers/STM32F4xx_HAL_Driver/Src/stm32f4xx_ll_usb.o
                0x0800d830                USB_SetDevSpeed
 .text.USB_DevDisconnect
                0x0800d862       0x42 ./Drivers/STM32F4xx_HAL_Driver/Src/stm32f4xx_ll_usb.o
                0x0800d862                USB_DevDisconnect
 .text.USB_GetMode
                0x0800d8a4       0x1c ./Drivers/STM32F4xx_HAL_Driver/Src/stm32f4xx_ll_usb.o
                0x0800d8a4                USB_GetMode
 .text.USB_CoreReset
                0x0800d8c0       0x70 ./Drivers/STM32F4xx_HAL_Driver/Src/stm32f4xx_ll_usb.o
 .text.__NVIC_SetPriority
                0x0800d930       0x54 ./Middlewares/Third_Party/FreeRTOS/Source/CMSIS_RTOS_V2/cmsis_os2.o
 .text.SysTick_Handler
                0x0800d984       0x20 ./Middlewares/Third_Party/FreeRTOS/Source/CMSIS_RTOS_V2/cmsis_os2.o
                0x0800d984                SysTick_Handler
 .text.SVC_Setup
                0x0800d9a4       0x12 ./Middlewares/Third_Party/FreeRTOS/Source/CMSIS_RTOS_V2/cmsis_os2.o
 *fill*         0x0800d9b6        0x2 
 .text.osKernelInitialize
                0x0800d9b8       0x48 ./Middlewares/Third_Party/FreeRTOS/Source/CMSIS_RTOS_V2/cmsis_os2.o
                0x0800d9b8                osKernelInitialize
 .text.osKernelStart
                0x0800da00       0x4c ./Middlewares/Third_Party/FreeRTOS/Source/CMSIS_RTOS_V2/cmsis_os2.o
                0x0800da00                osKernelStart
 .text.osKernelGetTickCount
                0x0800da4c       0x2a ./Middlewares/Third_Party/FreeRTOS/Source/CMSIS_RTOS_V2/cmsis_os2.o
                0x0800da4c                osKernelGetTickCount
 .text.osThreadNew
                0x0800da76      0x124 ./Middlewares/Third_Party/FreeRTOS/Source/CMSIS_RTOS_V2/cmsis_os2.o
                0x0800da76                osThreadNew
 *fill*         0x0800db9a        0x2 
 .text.osThreadFlagsSet
                0x0800db9c       0x9c ./Middlewares/Third_Party/FreeRTOS/Source/CMSIS_RTOS_V2/cmsis_os2.o
                0x0800db9c                osThreadFlagsSet
 .text.osThreadFlagsWait
                0x0800dc38      0x102 ./Middlewares/Third_Party/FreeRTOS/Source/CMSIS_RTOS_V2/cmsis_os2.o
                0x0800dc38                osThreadFlagsWait
 .text.osDelay  0x0800dd3a       0x36 ./Middlewares/Third_Party/FreeRTOS/Source/CMSIS_RTOS_V2/cmsis_os2.o
                0x0800dd3a                osDelay
 .text.osEventFlagsNew
                0x0800dd70       0x7e ./Middlewares/Third_Party/FreeRTOS/Source/CMSIS_RTOS_V2/cmsis_os2.o
                0x0800dd70                osEventFlagsNew
 *fill*         0x0800ddee        0x2 
 .text.osEventFlagsSet
                0x0800ddf0       0x84 ./Middlewares/Third_Party/FreeRTOS/Source/CMSIS_RTOS_V2/cmsis_os2.o
                0x0800ddf0                osEventFlagsSet
 .text.osEventFlagsClear
                0x0800de74       0x62 ./Middlewares/Third_Party/FreeRTOS/Source/CMSIS_RTOS_V2/cmsis_os2.o
                0x0800de74                osEventFlagsClear
 .text.osEventFlagsGet
                0x0800ded6       0x42 ./Middlewares/Third_Party/FreeRTOS/Source/CMSIS_RTOS_V2/cmsis_os2.o
                0x0800ded6                osEventFlagsGet
 .text.osMessageQueueNew
                0x0800df18       0xe6 ./Middlewares/Third_Party/FreeRTOS/Source/CMSIS_RTOS_V2/cmsis_os2.o
                0x0800df18                osMessageQueueNew
 *fill*         0x0800dffe        0x2 
 .text.osMessageQueuePut
                0x0800e000       0xc0 ./Middlewares/Third_Party/FreeRTOS/Source/CMSIS_RTOS_V2/cmsis_os2.o
                0x0800e000                osMessageQueuePut
 .text.osMessageQueueGet
                0x0800e0c0       0xbc ./Middlewares/Third_Party/FreeRTOS/Source/CMSIS_RTOS_V2/cmsis_os2.o
                0x0800e0c0                osMessageQueueGet
 .text.vApplicationGetIdleTaskMemory
                0x0800e17c       0x34 ./Middlewares/Third_Party/FreeRTOS/Source/CMSIS_RTOS_V2/cmsis_os2.o
                0x0800e17c                vApplicationGetIdleTaskMemory
 .text.vApplicationGetTimerTaskMemory
                0x0800e1b0       0x34 ./Middlewares/Third_Party/FreeRTOS/Source/CMSIS_RTOS_V2/cmsis_os2.o
                0x0800e1b0                vApplicationGetTimerTaskMemory
 .text.xEventGroupCreateStatic
                0x0800e1e4       0x72 ./Middlewares/Third_Party/FreeRTOS/Source/event_groups.o
                0x0800e1e4                xEventGroupCreateStatic
 .text.xEventGroupCreate
                0x0800e256       0x34 ./Middlewares/Third_Party/FreeRTOS/Source/event_groups.o
                0x0800e256                xEventGroupCreate
 .text.xEventGroupClearBits
                0x0800e28a       0x72 ./Middlewares/Third_Party/FreeRTOS/Source/event_groups.o
                0x0800e28a                xEventGroupClearBits
 .text.xEventGroupClearBitsFromISR
                0x0800e2fc       0x28 ./Middlewares/Third_Party/FreeRTOS/Source/event_groups.o
                0x0800e2fc                xEventGroupClearBitsFromISR
 .text.xEventGroupGetBitsFromISR
                0x0800e324       0x48 ./Middlewares/Third_Party/FreeRTOS/Source/event_groups.o
                0x0800e324                xEventGroupGetBitsFromISR
 .text.xEventGroupSetBits
                0x0800e36c      0x118 ./Middlewares/Third_Party/FreeRTOS/Source/event_groups.o
                0x0800e36c                xEventGroupSetBits
 .text.vEventGroupSetBitsCallback
                0x0800e484       0x1a ./Middlewares/Third_Party/FreeRTOS/Source/event_groups.o
                0x0800e484                vEventGroupSetBitsCallback
 .text.vEventGroupClearBitsCallback
                0x0800e49e       0x1a ./Middlewares/Third_Party/FreeRTOS/Source/event_groups.o
                0x0800e49e                vEventGroupClearBitsCallback
 .text.xEventGroupSetBitsFromISR
                0x0800e4b8       0x28 ./Middlewares/Third_Party/FreeRTOS/Source/event_groups.o
                0x0800e4b8                xEventGroupSetBitsFromISR
 .text.vListInitialise
                0x0800e4e0       0x40 ./Middlewares/Third_Party/FreeRTOS/Source/list.o
                0x0800e4e0                vListInitialise
 .text.vListInitialiseItem
                0x0800e520       0x1a ./Middlewares/Third_Party/FreeRTOS/Source/list.o
                0x0800e520                vListInitialiseItem
 .text.vListInsertEnd
                0x0800e53a       0x48 ./Middlewares/Third_Party/FreeRTOS/Source/list.o
                0x0800e53a                vListInsertEnd
 .text.vListInsert
                0x0800e582       0x72 ./Middlewares/Third_Party/FreeRTOS/Source/list.o
                0x0800e582                vListInsert
 .text.uxListRemove
                0x0800e5f4       0x54 ./Middlewares/Third_Party/FreeRTOS/Source/list.o
                0x0800e5f4                uxListRemove
 .text.xQueueGenericReset
                0x0800e648       0xd4 ./Middlewares/Third_Party/FreeRTOS/Source/queue.o
                0x0800e648                xQueueGenericReset
 .text.xQueueGenericCreateStatic
                0x0800e71c       0xfa ./Middlewares/Third_Party/FreeRTOS/Source/queue.o
                0x0800e71c                xQueueGenericCreateStatic
 .text.xQueueGenericCreate
                0x0800e816       0x76 ./Middlewares/Third_Party/FreeRTOS/Source/queue.o
                0x0800e816                xQueueGenericCreate
 .text.prvInitialiseNewQueue
                0x0800e88c       0x46 ./Middlewares/Third_Party/FreeRTOS/Source/queue.o
 *fill*         0x0800e8d2        0x2 
 .text.xQueueGenericSend
                0x0800e8d4      0x204 ./Middlewares/Third_Party/FreeRTOS/Source/queue.o
                0x0800e8d4                xQueueGenericSend
 .text.xQueueGenericSendFromISR
                0x0800ead8      0x13c ./Middlewares/Third_Party/FreeRTOS/Source/queue.o
                0x0800ead8                xQueueGenericSendFromISR
 .text.xQueueReceive
                0x0800ec14      0x1c4 ./Middlewares/Third_Party/FreeRTOS/Source/queue.o
                0x0800ec14                xQueueReceive
 .text.xQueueReceiveFromISR
                0x0800edd8      0x104 ./Middlewares/Third_Party/FreeRTOS/Source/queue.o
                0x0800edd8                xQueueReceiveFromISR
 .text.prvCopyDataToQueue
                0x0800eedc       0xd4 ./Middlewares/Third_Party/FreeRTOS/Source/queue.o
 .text.prvCopyDataFromQueue
                0x0800efb0       0x4c ./Middlewares/Third_Party/FreeRTOS/Source/queue.o
 .text.prvUnlockQueue
                0x0800effc       0xa4 ./Middlewares/Third_Party/FreeRTOS/Source/queue.o
 .text.prvIsQueueEmpty
                0x0800f0a0       0x2c ./Middlewares/Third_Party/FreeRTOS/Source/queue.o
 .text.prvIsQueueFull
                0x0800f0cc       0x30 ./Middlewares/Third_Party/FreeRTOS/Source/queue.o
 .text.vQueueAddToRegistry
                0x0800f0fc       0x54 ./Middlewares/Third_Party/FreeRTOS/Source/queue.o
                0x0800f0fc                vQueueAddToRegistry
 .text.vQueueWaitForMessageRestricted
                0x0800f150       0x68 ./Middlewares/Third_Party/FreeRTOS/Source/queue.o
                0x0800f150                vQueueWaitForMessageRestricted
 .text.xTaskCreateStatic
                0x0800f1b8       0xc0 ./Middlewares/Third_Party/FreeRTOS/Source/tasks.o
                0x0800f1b8                xTaskCreateStatic
 .text.xTaskCreate
                0x0800f278       0x8a ./Middlewares/Third_Party/FreeRTOS/Source/tasks.o
                0x0800f278                xTaskCreate
 *fill*         0x0800f302        0x2 
 .text.prvInitialiseNewTask
                0x0800f304      0x150 ./Middlewares/Third_Party/FreeRTOS/Source/tasks.o
 .text.prvAddNewTaskToReadyList
                0x0800f454       0xe0 ./Middlewares/Third_Party/FreeRTOS/Source/tasks.o
 .text.vTaskDelay
                0x0800f534       0x6c ./Middlewares/Third_Party/FreeRTOS/Source/tasks.o
                0x0800f534                vTaskDelay
 .text.vTaskStartScheduler
                0x0800f5a0       0xe0 ./Middlewares/Third_Party/FreeRTOS/Source/tasks.o
                0x0800f5a0                vTaskStartScheduler
 .text.vTaskSuspendAll
                0x0800f680       0x1c ./Middlewares/Third_Party/FreeRTOS/Source/tasks.o
                0x0800f680                vTaskSuspendAll
 .text.xTaskResumeAll
                0x0800f69c      0x13c ./Middlewares/Third_Party/FreeRTOS/Source/tasks.o
                0x0800f69c                xTaskResumeAll
 .text.xTaskGetTickCount
                0x0800f7d8       0x20 ./Middlewares/Third_Party/FreeRTOS/Source/tasks.o
                0x0800f7d8                xTaskGetTickCount
 .text.xTaskGetTickCountFromISR
                0x0800f7f8       0x24 ./Middlewares/Third_Party/FreeRTOS/Source/tasks.o
                0x0800f7f8                xTaskGetTickCountFromISR
 .text.xTaskIncrementTick
                0x0800f81c      0x174 ./Middlewares/Third_Party/FreeRTOS/Source/tasks.o
                0x0800f81c                xTaskIncrementTick
 .text.vTaskSwitchContext
                0x0800f990       0xcc ./Middlewares/Third_Party/FreeRTOS/Source/tasks.o
                0x0800f990                vTaskSwitchContext
 .text.vTaskPlaceOnEventList
                0x0800fa5c       0x4c ./Middlewares/Third_Party/FreeRTOS/Source/tasks.o
                0x0800fa5c                vTaskPlaceOnEventList
 .text.vTaskPlaceOnEventListRestricted
                0x0800faa8       0x58 ./Middlewares/Third_Party/FreeRTOS/Source/tasks.o
                0x0800faa8                vTaskPlaceOnEventListRestricted
 .text.xTaskRemoveFromEventList
                0x0800fb00       0xc8 ./Middlewares/Third_Party/FreeRTOS/Source/tasks.o
                0x0800fb00                xTaskRemoveFromEventList
 .text.vTaskRemoveFromUnorderedEventList
                0x0800fbc8       0xc8 ./Middlewares/Third_Party/FreeRTOS/Source/tasks.o
                0x0800fbc8                vTaskRemoveFromUnorderedEventList
 .text.vTaskInternalSetTimeOutState
                0x0800fc90       0x2c ./Middlewares/Third_Party/FreeRTOS/Source/tasks.o
                0x0800fc90                vTaskInternalSetTimeOutState
 .text.xTaskCheckForTimeOut
                0x0800fcbc       0xc8 ./Middlewares/Third_Party/FreeRTOS/Source/tasks.o
                0x0800fcbc                xTaskCheckForTimeOut
 .text.vTaskMissedYield
                0x0800fd84       0x18 ./Middlewares/Third_Party/FreeRTOS/Source/tasks.o
                0x0800fd84                vTaskMissedYield
 .text.prvIdleTask
                0x0800fd9c       0x30 ./Middlewares/Third_Party/FreeRTOS/Source/tasks.o
 .text.prvInitialiseTaskLists
                0x0800fdcc       0x80 ./Middlewares/Third_Party/FreeRTOS/Source/tasks.o
 .text.prvCheckTasksWaitingTermination
                0x0800fe4c       0x5c ./Middlewares/Third_Party/FreeRTOS/Source/tasks.o
 .text.prvDeleteTCB
                0x0800fea8       0x6a ./Middlewares/Third_Party/FreeRTOS/Source/tasks.o
 *fill*         0x0800ff12        0x2 
 .text.prvResetNextTaskUnblockTime
                0x0800ff14       0x40 ./Middlewares/Third_Party/FreeRTOS/Source/tasks.o
 .text.xTaskGetSchedulerState
                0x0800ff54       0x3c ./Middlewares/Third_Party/FreeRTOS/Source/tasks.o
                0x0800ff54                xTaskGetSchedulerState
 .text.xTaskPriorityDisinherit
                0x0800ff90       0xe0 ./Middlewares/Third_Party/FreeRTOS/Source/tasks.o
                0x0800ff90                xTaskPriorityDisinherit
 .text.xTaskNotifyWait
                0x08010070       0xc0 ./Middlewares/Third_Party/FreeRTOS/Source/tasks.o
                0x08010070                xTaskNotifyWait
 .text.xTaskGenericNotify
                0x08010130      0x184 ./Middlewares/Third_Party/FreeRTOS/Source/tasks.o
                0x08010130                xTaskGenericNotify
 .text.xTaskGenericNotifyFromISR
                0x080102b4      0x1cc ./Middlewares/Third_Party/FreeRTOS/Source/tasks.o
                0x080102b4                xTaskGenericNotifyFromISR
 .text.prvAddCurrentTaskToDelayedList
                0x08010480       0xa8 ./Middlewares/Third_Party/FreeRTOS/Source/tasks.o
 .text.xTimerCreateTimerTask
                0x08010528       0x94 ./Middlewares/Third_Party/FreeRTOS/Source/timers.o
                0x08010528                xTimerCreateTimerTask
 .text.xTimerGenericCommand
                0x080105bc       0x9c ./Middlewares/Third_Party/FreeRTOS/Source/timers.o
                0x080105bc                xTimerGenericCommand
 .text.prvProcessExpiredTimer
                0x08010658       0x9c ./Middlewares/Third_Party/FreeRTOS/Source/timers.o
 .text.prvTimerTask
                0x080106f4       0x26 ./Middlewares/Third_Party/FreeRTOS/Source/timers.o
 *fill*         0x0801071a        0x2 
 .text.prvProcessTimerOrBlockTask
                0x0801071c       0x9c ./Middlewares/Third_Party/FreeRTOS/Source/timers.o
 .text.prvGetNextExpireTime
                0x080107b8       0x48 ./Middlewares/Third_Party/FreeRTOS/Source/timers.o
 .text.prvSampleTimeNow
                0x08010800       0x40 ./Middlewares/Third_Party/FreeRTOS/Source/timers.o
 .text.prvInsertTimerInActiveList
                0x08010840       0x84 ./Middlewares/Third_Party/FreeRTOS/Source/timers.o
 .text.prvProcessReceivedCommands
                0x080108c4      0x1cc ./Middlewares/Third_Party/FreeRTOS/Source/timers.o
 .text.prvSwitchTimerLists
                0x08010a90       0xcc ./Middlewares/Third_Party/FreeRTOS/Source/timers.o
 .text.prvCheckForValidListAndQueue
                0x08010b5c       0x80 ./Middlewares/Third_Party/FreeRTOS/Source/timers.o
 .text.xTimerPendFunctionCallFromISR
                0x08010bdc       0x40 ./Middlewares/Third_Party/FreeRTOS/Source/timers.o
                0x08010bdc                xTimerPendFunctionCallFromISR
 .text.pxPortInitialiseStack
                0x08010c1c       0x68 ./Middlewares/Third_Party/FreeRTOS/Source/portable/GCC/ARM_CM4F/port.o
                0x08010c1c                pxPortInitialiseStack
 .text.prvTaskExitError
                0x08010c84       0x5c ./Middlewares/Third_Party/FreeRTOS/Source/portable/GCC/ARM_CM4F/port.o
 .text.SVC_Handler
                0x08010ce0       0x28 ./Middlewares/Third_Party/FreeRTOS/Source/portable/GCC/ARM_CM4F/port.o
                0x08010ce0                SVC_Handler
 .text.prvPortStartFirstTask
                0x08010d08       0x28 ./Middlewares/Third_Party/FreeRTOS/Source/portable/GCC/ARM_CM4F/port.o
 .text.xPortStartScheduler
                0x08010d30      0x148 ./Middlewares/Third_Party/FreeRTOS/Source/portable/GCC/ARM_CM4F/port.o
                0x08010d30                xPortStartScheduler
 .text.vPortEnterCritical
                0x08010e78       0x64 ./Middlewares/Third_Party/FreeRTOS/Source/portable/GCC/ARM_CM4F/port.o
                0x08010e78                vPortEnterCritical
 .text.vPortExitCritical
                0x08010edc       0x54 ./Middlewares/Third_Party/FreeRTOS/Source/portable/GCC/ARM_CM4F/port.o
                0x08010edc                vPortExitCritical
 .text.PendSV_Handler
                0x08010f30       0x68 ./Middlewares/Third_Party/FreeRTOS/Source/portable/GCC/ARM_CM4F/port.o
                0x08010f30                PendSV_Handler
 .text.xPortSysTickHandler
                0x08010f98       0x44 ./Middlewares/Third_Party/FreeRTOS/Source/portable/GCC/ARM_CM4F/port.o
                0x08010f98                xPortSysTickHandler
 .text.vPortSetupTimerInterrupt
                0x08010fdc       0x48 ./Middlewares/Third_Party/FreeRTOS/Source/portable/GCC/ARM_CM4F/port.o
                0x08010fdc                vPortSetupTimerInterrupt
 .text.vPortEnableVFP
                0x08011024       0x14 ./Middlewares/Third_Party/FreeRTOS/Source/portable/GCC/ARM_CM4F/port.o
 .text.vPortValidateInterruptPriority
                0x08011038       0x84 ./Middlewares/Third_Party/FreeRTOS/Source/portable/GCC/ARM_CM4F/port.o
                0x08011038                vPortValidateInterruptPriority
 .text.pvPortMalloc
                0x080110bc      0x19c ./Middlewares/Third_Party/FreeRTOS/Source/portable/MemMang/heap_4.o
                0x080110bc                pvPortMalloc
 .text.vPortFree
                0x08011258       0xc8 ./Middlewares/Third_Party/FreeRTOS/Source/portable/MemMang/heap_4.o
                0x08011258                vPortFree
 .text.prvHeapInit
                0x08011320       0xc4 ./Middlewares/Third_Party/FreeRTOS/Source/portable/MemMang/heap_4.o
 .text.prvInsertBlockIntoFreeList
                0x080113e4       0xb4 ./Middlewares/Third_Party/FreeRTOS/Source/portable/MemMang/heap_4.o
 .text.__cvt    0x08011498       0xca C:/ST/STM32CubeIDE_1.19.0/STM32CubeIDE/plugins/com.st.stm32cube.ide.mcu.externaltools.gnu-tools-for-stm32.13.3.rel1.win32_1.0.0.202411081344/tools/bin/../lib/gcc/arm-none-eabi/13.3.1/../../../../arm-none-eabi/lib/thumb/v7e-m+fp/hard\libc_nano.a(libc_a-nano-vfprintf_float.o)
                0x08011498                __cvt
 .text.__exponent
                0x08011562       0x74 C:/ST/STM32CubeIDE_1.19.0/STM32CubeIDE/plugins/com.st.stm32cube.ide.mcu.externaltools.gnu-tools-for-stm32.13.3.rel1.win32_1.0.0.202411081344/tools/bin/../lib/gcc/arm-none-eabi/13.3.1/../../../../arm-none-eabi/lib/thumb/v7e-m+fp/hard\libc_nano.a(libc_a-nano-vfprintf_float.o)
                0x08011562                __exponent
 *fill*         0x080115d6        0x2 
 .text._printf_float
                0x080115d8      0x454 C:/ST/STM32CubeIDE_1.19.0/STM32CubeIDE/plugins/com.st.stm32cube.ide.mcu.externaltools.gnu-tools-for-stm32.13.3.rel1.win32_1.0.0.202411081344/tools/bin/../lib/gcc/arm-none-eabi/13.3.1/../../../../arm-none-eabi/lib/thumb/v7e-m+fp/hard\libc_nano.a(libc_a-nano-vfprintf_float.o)
                0x080115d8                _printf_float
 .text._printf_common
                0x08011a2c       0xda C:/ST/STM32CubeIDE_1.19.0/STM32CubeIDE/plugins/com.st.stm32cube.ide.mcu.externaltools.gnu-tools-for-stm32.13.3.rel1.win32_1.0.0.202411081344/tools/bin/../lib/gcc/arm-none-eabi/13.3.1/../../../../arm-none-eabi/lib/thumb/v7e-m+fp/hard\libc_nano.a(libc_a-nano-vfprintf_i.o)
                0x08011a2c                _printf_common
 *fill*         0x08011b06        0x2 
 .text._printf_i
                0x08011b08      0x23c C:/ST/STM32CubeIDE_1.19.0/STM32CubeIDE/plugins/com.st.stm32cube.ide.mcu.externaltools.gnu-tools-for-stm32.13.3.rel1.win32_1.0.0.202411081344/tools/bin/../lib/gcc/arm-none-eabi/13.3.1/../../../../arm-none-eabi/lib/thumb/v7e-m+fp/hard\libc_nano.a(libc_a-nano-vfprintf_i.o)
                0x08011b08                _printf_i
 .text._scanf_float
                0x08011d44      0x41c C:/ST/STM32CubeIDE_1.19.0/STM32CubeIDE/plugins/com.st.stm32cube.ide.mcu.externaltools.gnu-tools-for-stm32.13.3.rel1.win32_1.0.0.202411081344/tools/bin/../lib/gcc/arm-none-eabi/13.3.1/../../../../arm-none-eabi/lib/thumb/v7e-m+fp/hard\libc_nano.a(libc_a-nano-vfscanf_float.o)
                0x08011d44                _scanf_float
 .text.std      0x08012160       0x6c C:/ST/STM32CubeIDE_1.19.0/STM32CubeIDE/plugins/com.st.stm32cube.ide.mcu.externaltools.gnu-tools-for-stm32.13.3.rel1.win32_1.0.0.202411081344/tools/bin/../lib/gcc/arm-none-eabi/13.3.1/../../../../arm-none-eabi/lib/thumb/v7e-m+fp/hard\libc_nano.a(libc_a-findfp.o)
 .text.stdio_exit_handler
                0x080121cc       0x18 C:/ST/STM32CubeIDE_1.19.0/STM32CubeIDE/plugins/com.st.stm32cube.ide.mcu.externaltools.gnu-tools-for-stm32.13.3.rel1.win32_1.0.0.202411081344/tools/bin/../lib/gcc/arm-none-eabi/13.3.1/../../../../arm-none-eabi/lib/thumb/v7e-m+fp/hard\libc_nano.a(libc_a-findfp.o)
 .text.cleanup_stdio
                0x080121e4       0x40 C:/ST/STM32CubeIDE_1.19.0/STM32CubeIDE/plugins/com.st.stm32cube.ide.mcu.externaltools.gnu-tools-for-stm32.13.3.rel1.win32_1.0.0.202411081344/tools/bin/../lib/gcc/arm-none-eabi/13.3.1/../../../../arm-none-eabi/lib/thumb/v7e-m+fp/hard\libc_nano.a(libc_a-findfp.o)
 .text.global_stdio_init.part.0
                0x08012224       0x3c C:/ST/STM32CubeIDE_1.19.0/STM32CubeIDE/plugins/com.st.stm32cube.ide.mcu.externaltools.gnu-tools-for-stm32.13.3.rel1.win32_1.0.0.202411081344/tools/bin/../lib/gcc/arm-none-eabi/13.3.1/../../../../arm-none-eabi/lib/thumb/v7e-m+fp/hard\libc_nano.a(libc_a-findfp.o)
 .text.__sfp_lock_acquire
                0x08012260        0xc C:/ST/STM32CubeIDE_1.19.0/STM32CubeIDE/plugins/com.st.stm32cube.ide.mcu.externaltools.gnu-tools-for-stm32.13.3.rel1.win32_1.0.0.202411081344/tools/bin/../lib/gcc/arm-none-eabi/13.3.1/../../../../arm-none-eabi/lib/thumb/v7e-m+fp/hard\libc_nano.a(libc_a-findfp.o)
                0x08012260                __sfp_lock_acquire
 .text.__sfp_lock_release
                0x0801226c        0xc C:/ST/STM32CubeIDE_1.19.0/STM32CubeIDE/plugins/com.st.stm32cube.ide.mcu.externaltools.gnu-tools-for-stm32.13.3.rel1.win32_1.0.0.202411081344/tools/bin/../lib/gcc/arm-none-eabi/13.3.1/../../../../arm-none-eabi/lib/thumb/v7e-m+fp/hard\libc_nano.a(libc_a-findfp.o)
                0x0801226c                __sfp_lock_release
 .text.__sinit  0x08012278       0x30 C:/ST/STM32CubeIDE_1.19.0/STM32CubeIDE/plugins/com.st.stm32cube.ide.mcu.externaltools.gnu-tools-for-stm32.13.3.rel1.win32_1.0.0.202411081344/tools/bin/../lib/gcc/arm-none-eabi/13.3.1/../../../../arm-none-eabi/lib/thumb/v7e-m+fp/hard\libc_nano.a(libc_a-findfp.o)
                0x08012278                __sinit
 .text._fwalk_sglue
                0x080122a8       0x3c C:/ST/STM32CubeIDE_1.19.0/STM32CubeIDE/plugins/com.st.stm32cube.ide.mcu.externaltools.gnu-tools-for-stm32.13.3.rel1.win32_1.0.0.202411081344/tools/bin/../lib/gcc/arm-none-eabi/13.3.1/../../../../arm-none-eabi/lib/thumb/v7e-m+fp/hard\libc_nano.a(libc_a-fwalk.o)
                0x080122a8                _fwalk_sglue
 .text.printf   0x080122e4       0x24 C:/ST/STM32CubeIDE_1.19.0/STM32CubeIDE/plugins/com.st.stm32cube.ide.mcu.externaltools.gnu-tools-for-stm32.13.3.rel1.win32_1.0.0.202411081344/tools/bin/../lib/gcc/arm-none-eabi/13.3.1/../../../../arm-none-eabi/lib/thumb/v7e-m+fp/hard\libc_nano.a(libc_a-printf.o)
                0x080122e4                iprintf
                0x080122e4                printf
 .text._puts_r  0x08012308       0xaa C:/ST/STM32CubeIDE_1.19.0/STM32CubeIDE/plugins/com.st.stm32cube.ide.mcu.externaltools.gnu-tools-for-stm32.13.3.rel1.win32_1.0.0.202411081344/tools/bin/../lib/gcc/arm-none-eabi/13.3.1/../../../../arm-none-eabi/lib/thumb/v7e-m+fp/hard\libc_nano.a(libc_a-puts.o)
                0x08012308                _puts_r
 *fill*         0x080123b2        0x2 
 .text.puts     0x080123b4       0x10 C:/ST/STM32CubeIDE_1.19.0/STM32CubeIDE/plugins/com.st.stm32cube.ide.mcu.externaltools.gnu-tools-for-stm32.13.3.rel1.win32_1.0.0.202411081344/tools/bin/../lib/gcc/arm-none-eabi/13.3.1/../../../../arm-none-eabi/lib/thumb/v7e-m+fp/hard\libc_nano.a(libc_a-puts.o)
                0x080123b4                puts
 .text.snprintf
                0x080123c4       0x6c C:/ST/STM32CubeIDE_1.19.0/STM32CubeIDE/plugins/com.st.stm32cube.ide.mcu.externaltools.gnu-tools-for-stm32.13.3.rel1.win32_1.0.0.202411081344/tools/bin/../lib/gcc/arm-none-eabi/13.3.1/../../../../arm-none-eabi/lib/thumb/v7e-m+fp/hard\libc_nano.a(libc_a-snprintf.o)
                0x080123c4                sniprintf
                0x080123c4                snprintf
 .text.sprintf  0x08012430       0x44 C:/ST/STM32CubeIDE_1.19.0/STM32CubeIDE/plugins/com.st.stm32cube.ide.mcu.externaltools.gnu-tools-for-stm32.13.3.rel1.win32_1.0.0.202411081344/tools/bin/../lib/gcc/arm-none-eabi/13.3.1/../../../../arm-none-eabi/lib/thumb/v7e-m+fp/hard\libc_nano.a(libc_a-sprintf.o)
                0x08012430                siprintf
                0x08012430                sprintf
 .text.sscanf   0x08012474       0x58 C:/ST/STM32CubeIDE_1.19.0/STM32CubeIDE/plugins/com.st.stm32cube.ide.mcu.externaltools.gnu-tools-for-stm32.13.3.rel1.win32_1.0.0.202411081344/tools/bin/../lib/gcc/arm-none-eabi/13.3.1/../../../../arm-none-eabi/lib/thumb/v7e-m+fp/hard\libc_nano.a(libc_a-sscanf.o)
                0x08012474                siscanf
                0x08012474                sscanf
 .text.__sread  0x080124cc       0x22 C:/ST/STM32CubeIDE_1.19.0/STM32CubeIDE/plugins/com.st.stm32cube.ide.mcu.externaltools.gnu-tools-for-stm32.13.3.rel1.win32_1.0.0.202411081344/tools/bin/../lib/gcc/arm-none-eabi/13.3.1/../../../../arm-none-eabi/lib/thumb/v7e-m+fp/hard\libc_nano.a(libc_a-stdio.o)
                0x080124cc                __sread
 .text.__seofread
                0x080124ee        0x4 C:/ST/STM32CubeIDE_1.19.0/STM32CubeIDE/plugins/com.st.stm32cube.ide.mcu.externaltools.gnu-tools-for-stm32.13.3.rel1.win32_1.0.0.202411081344/tools/bin/../lib/gcc/arm-none-eabi/13.3.1/../../../../arm-none-eabi/lib/thumb/v7e-m+fp/hard\libc_nano.a(libc_a-stdio.o)
                0x080124ee                __seofread
 .text.__swrite
                0x080124f2       0x38 C:/ST/STM32CubeIDE_1.19.0/STM32CubeIDE/plugins/com.st.stm32cube.ide.mcu.externaltools.gnu-tools-for-stm32.13.3.rel1.win32_1.0.0.202411081344/tools/bin/../lib/gcc/arm-none-eabi/13.3.1/../../../../arm-none-eabi/lib/thumb/v7e-m+fp/hard\libc_nano.a(libc_a-stdio.o)
                0x080124f2                __swrite
 .text.__sseek  0x0801252a       0x24 C:/ST/STM32CubeIDE_1.19.0/STM32CubeIDE/plugins/com.st.stm32cube.ide.mcu.externaltools.gnu-tools-for-stm32.13.3.rel1.win32_1.0.0.202411081344/tools/bin/../lib/gcc/arm-none-eabi/13.3.1/../../../../arm-none-eabi/lib/thumb/v7e-m+fp/hard\libc_nano.a(libc_a-stdio.o)
                0x0801252a                __sseek
 .text.__sclose
                0x0801254e        0x8 C:/ST/STM32CubeIDE_1.19.0/STM32CubeIDE/plugins/com.st.stm32cube.ide.mcu.externaltools.gnu-tools-for-stm32.13.3.rel1.win32_1.0.0.202411081344/tools/bin/../lib/gcc/arm-none-eabi/13.3.1/../../../../arm-none-eabi/lib/thumb/v7e-m+fp/hard\libc_nano.a(libc_a-stdio.o)
                0x0801254e                __sclose
 .text.__swbuf_r
                0x08012556       0x7c C:/ST/STM32CubeIDE_1.19.0/STM32CubeIDE/plugins/com.st.stm32cube.ide.mcu.externaltools.gnu-tools-for-stm32.13.3.rel1.win32_1.0.0.202411081344/tools/bin/../lib/gcc/arm-none-eabi/13.3.1/../../../../arm-none-eabi/lib/thumb/v7e-m+fp/hard\libc_nano.a(libc_a-wbuf.o)
                0x08012556                __swbuf_r
 *fill*         0x080125d2        0x2 
 .text.__swsetup_r
                0x080125d4       0xac C:/ST/STM32CubeIDE_1.19.0/STM32CubeIDE/plugins/com.st.stm32cube.ide.mcu.externaltools.gnu-tools-for-stm32.13.3.rel1.win32_1.0.0.202411081344/tools/bin/../lib/gcc/arm-none-eabi/13.3.1/../../../../arm-none-eabi/lib/thumb/v7e-m+fp/hard\libc_nano.a(libc_a-wsetup.o)
                0x080125d4                __swsetup_r
 .text.memset   0x08012680       0x10 C:/ST/STM32CubeIDE_1.19.0/STM32CubeIDE/plugins/com.st.stm32cube.ide.mcu.externaltools.gnu-tools-for-stm32.13.3.rel1.win32_1.0.0.202411081344/tools/bin/../lib/gcc/arm-none-eabi/13.3.1/../../../../arm-none-eabi/lib/thumb/v7e-m+fp/hard\libc_nano.a(libc_a-memset.o)
                0x08012680                memset
 .text._localeconv_r
                0x08012690        0x8 C:/ST/STM32CubeIDE_1.19.0/STM32CubeIDE/plugins/com.st.stm32cube.ide.mcu.externaltools.gnu-tools-for-stm32.13.3.rel1.win32_1.0.0.202411081344/tools/bin/../lib/gcc/arm-none-eabi/13.3.1/../../../../arm-none-eabi/lib/thumb/v7e-m+fp/hard\libc_nano.a(libc_a-localeconv.o)
                0x08012690                _localeconv_r
 .text._close_r
                0x08012698       0x20 C:/ST/STM32CubeIDE_1.19.0/STM32CubeIDE/plugins/com.st.stm32cube.ide.mcu.externaltools.gnu-tools-for-stm32.13.3.rel1.win32_1.0.0.202411081344/tools/bin/../lib/gcc/arm-none-eabi/13.3.1/../../../../arm-none-eabi/lib/thumb/v7e-m+fp/hard\libc_nano.a(libc_a-closer.o)
                0x08012698                _close_r
 .text._reclaim_reent
                0x080126b8       0xbc C:/ST/STM32CubeIDE_1.19.0/STM32CubeIDE/plugins/com.st.stm32cube.ide.mcu.externaltools.gnu-tools-for-stm32.13.3.rel1.win32_1.0.0.202411081344/tools/bin/../lib/gcc/arm-none-eabi/13.3.1/../../../../arm-none-eabi/lib/thumb/v7e-m+fp/hard\libc_nano.a(libc_a-reent.o)
                0x080126b8                _reclaim_reent
 .text._lseek_r
                0x08012774       0x24 C:/ST/STM32CubeIDE_1.19.0/STM32CubeIDE/plugins/com.st.stm32cube.ide.mcu.externaltools.gnu-tools-for-stm32.13.3.rel1.win32_1.0.0.202411081344/tools/bin/../lib/gcc/arm-none-eabi/13.3.1/../../../../arm-none-eabi/lib/thumb/v7e-m+fp/hard\libc_nano.a(libc_a-lseekr.o)
                0x08012774                _lseek_r
 .text._read_r  0x08012798       0x24 C:/ST/STM32CubeIDE_1.19.0/STM32CubeIDE/plugins/com.st.stm32cube.ide.mcu.externaltools.gnu-tools-for-stm32.13.3.rel1.win32_1.0.0.202411081344/tools/bin/../lib/gcc/arm-none-eabi/13.3.1/../../../../arm-none-eabi/lib/thumb/v7e-m+fp/hard\libc_nano.a(libc_a-readr.o)
                0x08012798                _read_r
 .text._write_r
                0x080127bc       0x24 C:/ST/STM32CubeIDE_1.19.0/STM32CubeIDE/plugins/com.st.stm32cube.ide.mcu.externaltools.gnu-tools-for-stm32.13.3.rel1.win32_1.0.0.202411081344/tools/bin/../lib/gcc/arm-none-eabi/13.3.1/../../../../arm-none-eabi/lib/thumb/v7e-m+fp/hard\libc_nano.a(libc_a-writer.o)
                0x080127bc                _write_r
 .text.__errno  0x080127e0        0xc C:/ST/STM32CubeIDE_1.19.0/STM32CubeIDE/plugins/com.st.stm32cube.ide.mcu.externaltools.gnu-tools-for-stm32.13.3.rel1.win32_1.0.0.202411081344/tools/bin/../lib/gcc/arm-none-eabi/13.3.1/../../../../arm-none-eabi/lib/thumb/v7e-m+fp/hard\libc_nano.a(libc_a-errno.o)
                0x080127e0                __errno
 .text.__libc_init_array
                0x080127ec       0x48 C:/ST/STM32CubeIDE_1.19.0/STM32CubeIDE/plugins/com.st.stm32cube.ide.mcu.externaltools.gnu-tools-for-stm32.13.3.rel1.win32_1.0.0.202411081344/tools/bin/../lib/gcc/arm-none-eabi/13.3.1/../../../../arm-none-eabi/lib/thumb/v7e-m+fp/hard\libc_nano.a(libc_a-init.o)
                0x080127ec                __libc_init_array
 .text.__retarget_lock_init_recursive
                0x08012834        0x2 C:/ST/STM32CubeIDE_1.19.0/STM32CubeIDE/plugins/com.st.stm32cube.ide.mcu.externaltools.gnu-tools-for-stm32.13.3.rel1.win32_1.0.0.202411081344/tools/bin/../lib/gcc/arm-none-eabi/13.3.1/../../../../arm-none-eabi/lib/thumb/v7e-m+fp/hard\libc_nano.a(libc_a-lock.o)
                0x08012834                __retarget_lock_init_recursive
 .text.__retarget_lock_acquire_recursive
                0x08012836        0x2 C:/ST/STM32CubeIDE_1.19.0/STM32CubeIDE/plugins/com.st.stm32cube.ide.mcu.externaltools.gnu-tools-for-stm32.13.3.rel1.win32_1.0.0.202411081344/tools/bin/../lib/gcc/arm-none-eabi/13.3.1/../../../../arm-none-eabi/lib/thumb/v7e-m+fp/hard\libc_nano.a(libc_a-lock.o)
                0x08012836                __retarget_lock_acquire_recursive
 .text.__retarget_lock_release_recursive
                0x08012838        0x2 C:/ST/STM32CubeIDE_1.19.0/STM32CubeIDE/plugins/com.st.stm32cube.ide.mcu.externaltools.gnu-tools-for-stm32.13.3.rel1.win32_1.0.0.202411081344/tools/bin/../lib/gcc/arm-none-eabi/13.3.1/../../../../arm-none-eabi/lib/thumb/v7e-m+fp/hard\libc_nano.a(libc_a-lock.o)
                0x08012838                __retarget_lock_release_recursive
 .text.memcpy   0x0801283a       0x1c C:/ST/STM32CubeIDE_1.19.0/STM32CubeIDE/plugins/com.st.stm32cube.ide.mcu.externaltools.gnu-tools-for-stm32.13.3.rel1.win32_1.0.0.202411081344/tools/bin/../lib/gcc/arm-none-eabi/13.3.1/../../../../arm-none-eabi/lib/thumb/v7e-m+fp/hard\libc_nano.a(libc_a-memcpy-stub.o)
                0x0801283a                memcpy
 *fill*         0x08012856        0x2 
 .text.nanf     0x08012858        0xc C:/ST/STM32CubeIDE_1.19.0/STM32CubeIDE/plugins/com.st.stm32cube.ide.mcu.externaltools.gnu-tools-for-stm32.13.3.rel1.win32_1.0.0.202411081344/tools/bin/../lib/gcc/arm-none-eabi/13.3.1/../../../../arm-none-eabi/lib/thumb/v7e-m+fp/hard\libc_nano.a(libm_a-sf_nan.o)
                0x08012858                nanf
 .text.quorem   0x08012864      0x110 C:/ST/STM32CubeIDE_1.19.0/STM32CubeIDE/plugins/com.st.stm32cube.ide.mcu.externaltools.gnu-tools-for-stm32.13.3.rel1.win32_1.0.0.202411081344/tools/bin/../lib/gcc/arm-none-eabi/13.3.1/../../../../arm-none-eabi/lib/thumb/v7e-m+fp/hard\libc_nano.a(libc_a-dtoa.o)
 *fill*         0x08012974        0x4 
 .text._dtoa_r  0x08012978      0xba0 C:/ST/STM32CubeIDE_1.19.0/STM32CubeIDE/plugins/com.st.stm32cube.ide.mcu.externaltools.gnu-tools-for-stm32.13.3.rel1.win32_1.0.0.202411081344/tools/bin/../lib/gcc/arm-none-eabi/13.3.1/../../../../arm-none-eabi/lib/thumb/v7e-m+fp/hard\libc_nano.a(libc_a-dtoa.o)
                0x08012978                _dtoa_r
 .text._free_r  0x08013518       0x94 C:/ST/STM32CubeIDE_1.19.0/STM32CubeIDE/plugins/com.st.stm32cube.ide.mcu.externaltools.gnu-tools-for-stm32.13.3.rel1.win32_1.0.0.202411081344/tools/bin/../lib/gcc/arm-none-eabi/13.3.1/../../../../arm-none-eabi/lib/thumb/v7e-m+fp/hard\libc_nano.a(libc_a-freer.o)
                0x08013518                _free_r
 .text.malloc   0x080135ac       0x10 C:/ST/STM32CubeIDE_1.19.0/STM32CubeIDE/plugins/com.st.stm32cube.ide.mcu.externaltools.gnu-tools-for-stm32.13.3.rel1.win32_1.0.0.202411081344/tools/bin/../lib/gcc/arm-none-eabi/13.3.1/../../../../arm-none-eabi/lib/thumb/v7e-m+fp/hard\libc_nano.a(libc_a-malloc.o)
                0x080135ac                malloc
 .text.sbrk_aligned
                0x080135bc       0x44 C:/ST/STM32CubeIDE_1.19.0/STM32CubeIDE/plugins/com.st.stm32cube.ide.mcu.externaltools.gnu-tools-for-stm32.13.3.rel1.win32_1.0.0.202411081344/tools/bin/../lib/gcc/arm-none-eabi/13.3.1/../../../../arm-none-eabi/lib/thumb/v7e-m+fp/hard\libc_nano.a(libc_a-mallocr.o)
 .text._malloc_r
                0x08013600      0x100 C:/ST/STM32CubeIDE_1.19.0/STM32CubeIDE/plugins/com.st.stm32cube.ide.mcu.externaltools.gnu-tools-for-stm32.13.3.rel1.win32_1.0.0.202411081344/tools/bin/../lib/gcc/arm-none-eabi/13.3.1/../../../../arm-none-eabi/lib/thumb/v7e-m+fp/hard\libc_nano.a(libc_a-mallocr.o)
                0x08013600                _malloc_r
 .text.__malloc_lock
                0x08013700        0xc C:/ST/STM32CubeIDE_1.19.0/STM32CubeIDE/plugins/com.st.stm32cube.ide.mcu.externaltools.gnu-tools-for-stm32.13.3.rel1.win32_1.0.0.202411081344/tools/bin/../lib/gcc/arm-none-eabi/13.3.1/../../../../arm-none-eabi/lib/thumb/v7e-m+fp/hard\libc_nano.a(libc_a-mlock.o)
                0x08013700                __malloc_lock
 .text.__malloc_unlock