../Core/Src/main.c:196:5:main	24	static
../Core/Src/main.c:355:6:SystemClock_Config	88	static
../Core/Src/main.c:402:13:MX_ADC1_Init	24	static
../Core/Src/main.c:454:13:MX_I2C1_Init	8	static
../Core/Src/main.c:488:13:MX_TIM1_Init	96	static
../Core/Src/main.c:575:13:MX_TIM2_Init	80	static
../Core/Src/main.c:655:13:MX_TIM3_Init	80	static
../Core/Src/main.c:727:13:MX_TIM4_Init	56	static
../Core/Src/main.c:776:13:MX_TIM5_Init	56	static
../Core/Src/main.c:825:13:MX_TIM6_Init	16	static
../Core/Src/main.c:863:13:MX_TIM7_Init	16	static
../Core/Src/main.c:901:13:MX_USART1_UART_Init	8	static
../Core/Src/main.c:934:13:MX_USART2_UART_Init	8	static
../Core/Src/main.c:967:13:MX_USART3_UART_Init	8	static
../Core/Src/main.c:1000:13:MX_USB_OTG_FS_PCD_Init	8	static
../Core/Src/main.c:1033:13:MX_DMA_Init	16	static
../Core/Src/main.c:1055:13:MX_GPIO_Init	56	static
../Core/Src/main.c:1137:5:__io_putchar	16	static
../Core/Src/main.c:1143:5:_write	24	static
../Core/Src/main.c:1151:6:HAL_UART_TxCpltCallback	16	static
../Core/Src/main.c:1163:6:HAL_UART_RxCpltCallback	24	static
../Core/Src/main.c:1193:13:LCD_UpdateBattery	24	static
../Core/Src/main.c:1215:6:StartDefaultTask	16	static
../Core/Src/main.c:1253:6:IMU_Task	240	static
../Core/Src/main.c:1330:6:IMU_Print_Task	128	static
../Core/Src/main.c:1457:6:IR_Task	24	static
../Core/Src/main.c:1489:6:Motor_Task	24	static
../Core/Src/main.c:1540:6:ESP_Data_Task	24	static
../Core/Src/main.c:1571:6:ESP_RX_Task	16	static
../Core/Src/main.c:1601:6:Telemetry_Task	432	static
../Core/Src/main.c:1689:6:HAL_TIM_PeriodElapsedCallback	16	static
../Core/Src/main.c:1723:6:Error_Handler	4	static,ignoring_inline_asm
