../Core/Src/encoder.c:31:6:encoder_init	8	static
../Core/Src/encoder.c:54:6:encoder_tim_update_callback	24	static
../Core/Src/encoder.c:90:9:encoder_get_left_position	24	static,ignoring_inline_asm
../Core/Src/encoder.c:102:9:encoder_get_right_position	24	static,ignoring_inline_asm
../Core/Src/encoder.c:113:7:encoder_get_left_degree	24	static
../Core/Src/encoder.c:120:7:encoder_get_right_degree	24	static
../Core/Src/encoder.c:127:6:read_load_encoder	8	static
../Core/Src/encoder.c:135:6:encoder_reset_positions	16	static,ignoring_inline_asm
