../Core/Src/main.c:115:5:main	856	static
../Core/Src/main.c:306:6:SystemClock_Config	88	static
../Core/Src/main.c:353:13:MX_ADC1_Init	24	static
../Core/Src/main.c:405:13:MX_I2C1_Init	8	static
../Core/Src/main.c:439:13:MX_TIM1_Init	96	static
../Core/Src/main.c:526:13:MX_TIM2_Init	80	static
../Core/Src/main.c:606:13:MX_TIM3_Init	80	static
../Core/Src/main.c:678:13:MX_TIM4_Init	56	static
../Core/Src/main.c:727:13:MX_TIM5_Init	56	static
../Core/Src/main.c:776:13:MX_TIM6_Init	16	static
../Core/Src/main.c:814:13:MX_TIM7_Init	16	static
../Core/Src/main.c:852:13:MX_TIM10_Init	8	static
../Core/Src/main.c:883:13:MX_USART1_UART_Init	8	static
../Core/Src/main.c:916:13:MX_USART2_UART_Init	8	static
../Core/Src/main.c:949:13:MX_USART3_UART_Init	8	static
../Core/Src/main.c:982:13:MX_USB_OTG_FS_PCD_Init	8	static
../Core/Src/main.c:1015:13:MX_DMA_Init	16	static
../Core/Src/main.c:1043:13:MX_GPIO_Init	56	static
../Core/Src/main.c:1125:5:__io_putchar	16	static
../Core/Src/main.c:1131:5:_write	24	static
../Core/Src/main.c:1137:6:HAL_TIM_PeriodElapsedCallback	32	static
../Core/Src/main.c:1166:6:HAL_UART_TxCpltCallback	16	static
../Core/Src/main.c:1179:6:Error_Handler	4	static,ignoring_inline_asm
