../Core/Src/stm32f4xx_it.c:90:6:NMI_Handler	4	static
../Core/Src/stm32f4xx_it.c:105:6:HardFault_Handler	4	static
../Core/Src/stm32f4xx_it.c:120:6:MemManage_Handler	4	static
../Core/Src/stm32f4xx_it.c:135:6:BusFault_Handler	4	static
../Core/Src/stm32f4xx_it.c:150:6:UsageFault_Handler	4	static
../Core/Src/stm32f4xx_it.c:165:6:DebugMon_Handler	4	static
../Core/Src/stm32f4xx_it.c:185:6:DMA1_Stream0_IRQHandler	8	static
../Core/Src/stm32f4xx_it.c:199:6:ADC_IRQHandler	8	static
../Core/Src/stm32f4xx_it.c:213:6:TIM1_BRK_TIM9_IRQHandler	8	static
../Core/Src/stm32f4xx_it.c:228:6:TIM2_IRQHandler	8	static
../Core/Src/stm32f4xx_it.c:242:6:TIM3_IRQHandler	8	static
../Core/Src/stm32f4xx_it.c:256:6:TIM4_IRQHandler	8	static
../Core/Src/stm32f4xx_it.c:270:6:I2C1_EV_IRQHandler	8	static
../Core/Src/stm32f4xx_it.c:284:6:I2C1_ER_IRQHandler	8	static
../Core/Src/stm32f4xx_it.c:298:6:USART1_IRQHandler	24	static,ignoring_inline_asm
../Core/Src/stm32f4xx_it.c:331:6:USART2_IRQHandler	8	static
../Core/Src/stm32f4xx_it.c:374:6:TIM5_IRQHandler	8	static
../Core/Src/stm32f4xx_it.c:388:6:TIM6_DAC_IRQHandler	8	static
../Core/Src/stm32f4xx_it.c:402:6:TIM7_IRQHandler	8	static
../Core/Src/stm32f4xx_it.c:416:6:DMA2_Stream2_IRQHandler	8	static
