../Core/Src/main.c:112:5:main	7
../Core/Src/main.c:284:6:SystemClock_Config	3
../Core/Src/main.c:331:13:MX_ADC1_Init	3
../Core/Src/main.c:383:13:MX_I2C1_Init	2
../Core/Src/main.c:417:13:MX_TIM1_Init	10
../Core/Src/main.c:504:13:MX_TIM2_Init	10
../Core/Src/main.c:584:13:MX_TIM3_Init	8
../Core/Src/main.c:656:13:MX_TIM4_Init	3
../Core/Src/main.c:705:13:MX_TIM5_Init	3
../Core/Src/main.c:754:13:MX_TIM6_Init	3
../Core/Src/main.c:792:13:MX_TIM7_Init	3
../Core/Src/main.c:830:13:MX_TIM10_Init	2
../Core/Src/main.c:861:13:MX_USART1_UART_Init	2
../Core/Src/main.c:894:13:MX_USART2_UART_Init	2
../Core/Src/main.c:927:13:MX_USART3_UART_Init	2
../Core/Src/main.c:960:13:MX_USB_OTG_FS_PCD_Init	2
../Core/Src/main.c:993:13:MX_DMA_Init	1
../Core/Src/main.c:1021:13:MX_GPIO_Init	1
../Core/Src/main.c:1103:5:__io_putchar	1
../Core/Src/main.c:1109:5:_write	1
../Core/Src/main.c:1115:6:HAL_TIM_PeriodElapsedCallback	7
../Core/Src/main.c:1149:6:Error_Handler	1
