../Core/Src/main.c:112:5:main	336	static
../Core/Src/main.c:284:6:SystemClock_Config	88	static
../Core/Src/main.c:331:13:MX_ADC1_Init	24	static
../Core/Src/main.c:383:13:MX_I2C1_Init	8	static
../Core/Src/main.c:417:13:MX_TIM1_Init	96	static
../Core/Src/main.c:504:13:MX_TIM2_Init	80	static
../Core/Src/main.c:584:13:MX_TIM3_Init	80	static
../Core/Src/main.c:656:13:MX_TIM4_Init	56	static
../Core/Src/main.c:705:13:MX_TIM5_Init	56	static
../Core/Src/main.c:754:13:MX_TIM6_Init	16	static
../Core/Src/main.c:792:13:MX_TIM7_Init	16	static
../Core/Src/main.c:830:13:MX_TIM10_Init	8	static
../Core/Src/main.c:861:13:MX_USART1_UART_Init	8	static
../Core/Src/main.c:894:13:MX_USART2_UART_Init	8	static
../Core/Src/main.c:927:13:MX_USART3_UART_Init	8	static
../Core/Src/main.c:960:13:MX_USB_OTG_FS_PCD_Init	8	static
../Core/Src/main.c:993:13:MX_DMA_Init	16	static
../Core/Src/main.c:1021:13:MX_GPIO_Init	56	static
../Core/Src/main.c:1103:5:__io_putchar	16	static
../Core/Src/main.c:1109:5:_write	24	static
../Core/Src/main.c:1115:6:HAL_TIM_PeriodElapsedCallback	32	static
../Core/Src/main.c:1149:6:Error_Handler	4	static,ignoring_inline_asm
